
 Start  Stop   Length Name               Class

 00000H 02136H 02137H _TEXT              CODE
 02137H 023AEH 00278H TEST_TEXT          CODE
 023B0H 02485H 000D6H OS_CPU_A_TEXT      CODE
 02486H 0265BH 001D6H OS_CPU_C_TEXT      CODE
 0265CH 029D8H 0037DH PC_TEXT            CODE
 029D9H 062D1H 038F9H UCOS_II_TEXT       CODE
 062E0H 062E0H 00000H _FARDATA           FAR_DATA
 062E0H 062E0H 00000H _FARBSS            FAR_BSS
 062E0H 062E0H 00000H _OVERLAY_          OVRINFO
 062E0H 062E0H 00000H _1STUB_            STUBSEG
 062E0H 06783H 004A4H _DATA              DATA
 06784H 06785H 00002H _CVTSEG            DATA
 06786H 0678BH 00006H _SCNSEG            DATA
 0678CH 0678CH 00000H _CONST             CONST
 0678CH 06797H 0000CH _INIT_             INITDATA
 06798H 06798H 00000H _INITEND_          INITDATA
 06798H 06798H 00000H _EXIT_             EXITDATA
 06798H 06798H 00000H _EXITEND_          EXITDATA
 06798H 08481H 01CEAH _BSS               BSS
 08482H 08482H 00000H _BSSEND            BSSEND
 08490H 0850FH 00080H _STACK             STACK


Detailed map of segments

 0000:0000 0295 C=CODE   S=_TEXT          G=(none)  M=c0.ASM     ACBP=28
 0000:0295 002D C=CODE   S=_TEXT          G=(none)  M=ATEXIT     ACBP=28
 0000:02C2 0093 C=CODE   S=_TEXT          G=(none)  M=EXIT       ACBP=28
 0000:0355 0000 C=CODE   S=_TEXT          G=(none)  M=FILES      ACBP=28
 0000:0355 0000 C=CODE   S=_TEXT          G=(none)  M=FILES2     ACBP=28
 0000:0355 0017 C=CODE   S=_TEXT          G=(none)  M=F_LXMUL    ACBP=28
 0000:036C 0026 C=CODE   S=_TEXT          G=(none)  M=GETDATE    ACBP=28
 0000:0392 00AE C=CODE   S=_TEXT          G=(none)  M=H_LDIV     ACBP=28
 0000:0440 0021 C=CODE   S=_TEXT          G=(none)  M=H_LLSH     ACBP=28
 0000:0461 0021 C=CODE   S=_TEXT          G=(none)  M=H_LURSH    ACBP=28
 0000:0482 0060 C=CODE   S=_TEXT          G=(none)  M=H_PADD     ACBP=28
 0000:04E2 004B C=CODE   S=_TEXT          G=(none)  M=IOERROR    ACBP=28
 0000:052D 0011 C=CODE   S=_TEXT          G=(none)  M=ISATTY     ACBP=28
 0000:053E 00A2 C=CODE   S=_TEXT          G=(none)  M=LONGTOA    ACBP=28
 0000:05E0 0029 C=CODE   S=_TEXT          G=(none)  M=LSEEK      ACBP=28
 0000:0609 0021 C=CODE   S=_TEXT          G=(none)  M=N_PCMP     ACBP=28
 0000:062A 00BA C=CODE   S=_TEXT          G=(none)  M=SETUPIO    ACBP=28
 0000:06E4 0000 C=CODE   S=_TEXT          G=(none)  M=STKLEN     ACBP=28
 0000:06E4 04DB C=CODE   S=_TEXT          G=(none)  M=VPRINTER   ACBP=28
 0000:0BBF 009F C=CODE   S=_TEXT          G=(none)  M=VRAM       ACBP=28
 0000:0C5E 0000 C=CODE   S=_TEXT          G=(none)  M=WSCROLL    ACBP=28
 0000:0C5E 014E C=CODE   S=_TEXT          G=(none)  M=CPRINTF    ACBP=28
 0000:0DAC 01A5 C=CODE   S=_TEXT          G=(none)  M=CRTINIT    ACBP=28
 0000:0F51 001F C=CODE   S=_TEXT          G=(none)  M=CVTFAK     ACBP=28
 0000:0F70 0432 C=CODE   S=_TEXT          G=(none)  M=FARHEAP    ACBP=28
 0000:13A2 0140 C=CODE   S=_TEXT          G=(none)  M=FBRK       ACBP=28
 0000:14E2 005E C=CODE   S=_TEXT          G=(none)  M=GETCH      ACBP=28
 0000:1540 00AC C=CODE   S=_TEXT          G=(none)  M=GPTEXT     ACBP=28
 0000:15EC 0012 C=CODE   S=_TEXT          G=(none)  M=KBHIT      ACBP=28
 0000:15FE 009D C=CODE   S=_TEXT          G=(none)  M=MOVETEXT   ACBP=28
 0000:169B 0017 C=CODE   S=_TEXT          G=(none)  M=PUTCH      ACBP=28
 0000:16B2 0004 C=CODE   S=_TEXT          G=(none)  M=REALCVT    ACBP=28
 0000:16B6 01C7 C=CODE   S=_TEXT          G=(none)  M=SCREEN     ACBP=28
 0000:187D 018E C=CODE   S=_TEXT          G=(none)  M=SCROLL     ACBP=28
 0000:1A0B 001C C=CODE   S=_TEXT          G=(none)  M=SETBLOCK   ACBP=28
 0000:1A27 006A C=CODE   S=_TEXT          G=(none)  M=SETJMP     ACBP=28
 0000:1A91 002C C=CODE   S=_TEXT          G=(none)  M=WHEREXY    ACBP=28
 0000:1ABD 00CD C=CODE   S=_TEXT          G=(none)  M=FFLUSH     ACBP=28
 0000:1B8A 0042 C=CODE   S=_TEXT          G=(none)  M=FLUSHALL   ACBP=28
 0000:1BCC 01E2 C=CODE   S=_TEXT          G=(none)  M=FSEEK      ACBP=28
 0000:1DAE 0024 C=CODE   S=_TEXT          G=(none)  M=MEMCPY     ACBP=28
 0000:1DD2 011D C=CODE   S=_TEXT          G=(none)  M=SETVBUF    ACBP=28
 0000:1EEF 0083 C=CODE   S=_TEXT          G=(none)  M=SPRINTF    ACBP=28
 0000:1F72 0151 C=CODE   S=_TEXT          G=(none)  M=WRITE      ACBP=28
 0000:20C3 003C C=CODE   S=_TEXT          G=(none)  M=WRITEA     ACBP=28
 0000:20FF 0038 C=CODE   S=_TEXT          G=(none)  M=XFFLUSH    ACBP=28
 0213:0007 0278 C=CODE   S=TEST_TEXT      G=(none)  M=test.c     ACBP=28
 023B:0000 00D6 C=CODE   S=OS_CPU_A_TEXT  G=(none)  M=\SOFTWARE\uCOS-II\Ix86L\BC31\OS_CPU_A.ASM ACBP=48
 0248:0006 01D6 C=CODE   S=OS_CPU_C_TEXT  G=(none)  M=os_cpu_c.c ACBP=28
 0265:000C 037D C=CODE   S=PC_TEXT        G=(none)  M=pc.c       ACBP=28
 029D:0009 38F9 C=CODE   S=UCOS_II_TEXT   G=(none)  M=ucos_ii.c  ACBP=28
 062E:0000 0000 C=FAR_DATA S=_FARDATA       G=(none)  M=c0.ASM     ACBP=68
 062E:0000 0000 C=FAR_BSS S=_FARBSS        G=(none)  M=c0.ASM     ACBP=68
 062E:0000 0000 C=OVRINFO S=_OVERLAY_      G=(none)  M=c0.ASM     ACBP=68
 062E:0000 0000 C=STUBSEG S=_1STUB_        G=(none)  M=c0.ASM     ACBP=68
 062E:0000 0093 C=DATA   S=_DATA          G=DGROUP  M=c0.ASM     ACBP=68
 062E:0094 0006 C=DATA   S=_DATA          G=DGROUP  M=test.c     ACBP=48
 062E:009A 0000 C=DATA   S=_DATA          G=DGROUP  M=\SOFTWARE\uCOS-II\Ix86L\BC31\OS_CPU_A.ASM ACBP=48
 062E:009A 0000 C=DATA   S=_DATA          G=DGROUP  M=os_cpu_c.c ACBP=48
 062E:009A 001F C=DATA   S=_DATA          G=DGROUP  M=pc.c       ACBP=48
 062E:00BA 0108 C=DATA   S=_DATA          G=DGROUP  M=ucos_ii.c  ACBP=48
 062E:01C2 0002 C=DATA   S=_DATA          G=DGROUP  M=ATEXIT     ACBP=48
 062E:01C4 000C C=DATA   S=_DATA          G=DGROUP  M=EXIT       ACBP=48
 062E:01D0 0190 C=DATA   S=_DATA          G=DGROUP  M=FILES      ACBP=48
 062E:0360 002A C=DATA   S=_DATA          G=DGROUP  M=FILES2     ACBP=48
 062E:038A 0000 C=DATA   S=_DATA          G=DGROUP  M=F_LXMUL    ACBP=48
 062E:038A 0000 C=DATA   S=_DATA          G=DGROUP  M=GETDATE    ACBP=48
 062E:038A 0000 C=DATA   S=_DATA          G=DGROUP  M=H_LDIV     ACBP=48
 062E:038A 0000 C=DATA   S=_DATA          G=DGROUP  M=H_LLSH     ACBP=48
 062E:038A 0000 C=DATA   S=_DATA          G=DGROUP  M=H_LURSH    ACBP=48
 062E:038A 0000 C=DATA   S=_DATA          G=DGROUP  M=H_PADD     ACBP=48
 062E:038A 005B C=DATA   S=_DATA          G=DGROUP  M=IOERROR    ACBP=48
 062E:03E6 0000 C=DATA   S=_DATA          G=DGROUP  M=ISATTY     ACBP=48
 062E:03E6 0000 C=DATA   S=_DATA          G=DGROUP  M=LONGTOA    ACBP=48
 062E:03E6 0000 C=DATA   S=_DATA          G=DGROUP  M=LSEEK      ACBP=48
 062E:03E6 0000 C=DATA   S=_DATA          G=DGROUP  M=N_PCMP     ACBP=48
 062E:03E6 0000 C=DATA   S=_DATA          G=DGROUP  M=SETUPIO    ACBP=48
 062E:03E6 0002 C=DATA   S=_DATA          G=DGROUP  M=STKLEN     ACBP=48
 062E:03E8 0067 C=DATA   S=_DATA          G=DGROUP  M=VPRINTER   ACBP=48
 062E:0450 0000 C=DATA   S=_DATA          G=DGROUP  M=VRAM       ACBP=48
 062E:0450 0002 C=DATA   S=_DATA          G=DGROUP  M=WSCROLL    ACBP=48
 062E:0452 0000 C=DATA   S=_DATA          G=DGROUP  M=CPRINTF    ACBP=48
 062E:0452 0018 C=DATA   S=_DATA          G=DGROUP  M=CRTINIT    ACBP=48
 062E:046A 0031 C=DATA   S=_DATA          G=DGROUP  M=CVTFAK     ACBP=48
 062E:049C 0000 C=DATA   S=_DATA          G=DGROUP  M=FARHEAP    ACBP=48
 062E:049C 0002 C=DATA   S=_DATA          G=DGROUP  M=FBRK       ACBP=48
 062E:049E 0000 C=DATA   S=_DATA          G=DGROUP  M=GETCH      ACBP=48
 062E:049E 0000 C=DATA   S=_DATA          G=DGROUP  M=GPTEXT     ACBP=48
 062E:049E 0002 C=DATA   S=_DATA          G=DGROUP  M=KBHIT      ACBP=48
 062E:04A0 0000 C=DATA   S=_DATA          G=DGROUP  M=MOVETEXT   ACBP=48
 062E:04A0 0000 C=DATA   S=_DATA          G=DGROUP  M=PUTCH      ACBP=48
 062E:04A0 0000 C=DATA   S=_DATA          G=DGROUP  M=REALCVT    ACBP=48
 062E:04A0 0000 C=DATA   S=_DATA          G=DGROUP  M=SCREEN     ACBP=48
 062E:04A0 0000 C=DATA   S=_DATA          G=DGROUP  M=SCROLL     ACBP=48
 062E:04A0 0000 C=DATA   S=_DATA          G=DGROUP  M=SETBLOCK   ACBP=48
 062E:04A0 0000 C=DATA   S=_DATA          G=DGROUP  M=SETJMP     ACBP=48
 062E:04A0 0000 C=DATA   S=_DATA          G=DGROUP  M=WHEREXY    ACBP=48
 062E:04A0 0000 C=DATA   S=_DATA          G=DGROUP  M=FFLUSH     ACBP=48
 062E:04A0 0000 C=DATA   S=_DATA          G=DGROUP  M=FLUSHALL   ACBP=48
 062E:04A0 0000 C=DATA   S=_DATA          G=DGROUP  M=FSEEK      ACBP=48
 062E:04A0 0000 C=DATA   S=_DATA          G=DGROUP  M=MEMCPY     ACBP=48
 062E:04A0 0004 C=DATA   S=_DATA          G=DGROUP  M=SETVBUF    ACBP=48
 062E:04A4 0000 C=DATA   S=_DATA          G=DGROUP  M=SPRINTF    ACBP=48
 062E:04A4 0000 C=DATA   S=_DATA          G=DGROUP  M=WRITE      ACBP=48
 062E:04A4 0000 C=DATA   S=_DATA          G=DGROUP  M=WRITEA     ACBP=48
 062E:04A4 0000 C=DATA   S=_DATA          G=DGROUP  M=XFFLUSH    ACBP=48
 062E:04A4 0000 C=DATA   S=_CVTSEG        G=DGROUP  M=c0.ASM     ACBP=48
 062E:04A4 0002 C=DATA   S=_CVTSEG        G=DGROUP  M=CVTFAK     ACBP=48
 062E:04A6 0000 C=DATA   S=_CVTSEG        G=DGROUP  M=REALCVT    ACBP=48
 062E:04A6 0000 C=DATA   S=_SCNSEG        G=DGROUP  M=c0.ASM     ACBP=48
 062E:04A6 0006 C=DATA   S=_SCNSEG        G=DGROUP  M=CVTFAK     ACBP=48
 062E:04AC 0000 C=CONST  S=_CONST         G=DGROUP  M=c0.ASM     ACBP=48
 062E:04AC 0000 C=INITDATA S=_INIT_         G=DGROUP  M=c0.ASM     ACBP=48
 062E:04AC 0006 C=INITDATA S=_INIT_         G=DGROUP  M=SETUPIO    ACBP=48
 062E:04B2 0006 C=INITDATA S=_INIT_         G=DGROUP  M=CRTINIT    ACBP=48
 062E:04B8 0000 C=INITDATA S=_INITEND_      G=DGROUP  M=c0.ASM     ACBP=28
 062E:04B8 0000 C=EXITDATA S=_EXIT_         G=DGROUP  M=c0.ASM     ACBP=48
 062E:04B8 0000 C=EXITDATA S=_EXITEND_      G=DGROUP  M=c0.ASM     ACBP=28
 062E:04B8 0000 C=BSS    S=_BSS           G=DGROUP  M=c0.ASM     ACBP=48
 062E:04B8 0802 C=BSS    S=_BSS           G=DGROUP  M=test.c     ACBP=48
 062E:0CBA 0001 C=BSS    S=_BSS           G=DGROUP  M=os_cpu_c.c ACBP=48
 062E:0CBC 001B C=BSS    S=_BSS           G=DGROUP  M=pc.c       ACBP=48
 062E:0CD8 144A C=BSS    S=_BSS           G=DGROUP  M=ucos_ii.c  ACBP=48
 062E:2122 0080 C=BSS    S=_BSS           G=DGROUP  M=ATEXIT     ACBP=48
 062E:21A2 0000 C=BSS    S=_BSS           G=DGROUP  M=IOERROR    ACBP=48
 062E:21A2 0000 C=BSS    S=_BSS           G=DGROUP  M=ISATTY     ACBP=48
 062E:21A2 0000 C=BSS    S=_BSS           G=DGROUP  M=LONGTOA    ACBP=48
 062E:21A2 0000 C=BSS    S=_BSS           G=DGROUP  M=LSEEK      ACBP=48
 062E:21A2 0000 C=BSS    S=_BSS           G=DGROUP  M=SETUPIO    ACBP=48
 062E:21A2 0000 C=BSS    S=_BSS           G=DGROUP  M=VPRINTER   ACBP=48
 062E:21A2 0000 C=BSS    S=_BSS           G=DGROUP  M=VRAM       ACBP=48
 062E:21A2 0000 C=BSS    S=_BSS           G=DGROUP  M=CRTINIT    ACBP=48
 062E:21A2 0000 C=BSS    S=_BSS           G=DGROUP  M=GETCH      ACBP=48
 062E:21A2 0000 C=BSS    S=_BSS           G=DGROUP  M=KBHIT      ACBP=48
 062E:21A2 0000 C=BSS    S=_BSS           G=DGROUP  M=SETBLOCK   ACBP=48
 062E:21A2 0000 C=BSS    S=_BSS           G=DGROUP  M=SETJMP     ACBP=48
 062E:21A2 0000 C=BSS    S=_BSS           G=DGROUP  M=MEMCPY     ACBP=48
 062E:21A2 0000 C=BSS    S=_BSS           G=DGROUP  M=WRITEA     ACBP=48
 062E:21A2 0000 C=BSSEND S=_BSSEND        G=DGROUP  M=c0.ASM     ACBP=28
 0849:0000 0080 C=STACK  S=_STACK         G=(none)  M=c0.ASM     ACBP=74

  Address         Publics by Name

 062E:0000 idle  DATASEG@
 0000:0291 idle  DGROUP@
 0000:0395 idle  F_LDIV@
 0000:03A4 idle  F_LMOD@
 0000:039C       F_LUDIV@
 0000:03AC idle  F_LUMOD@
 0000:0443       F_LXLSH@
 0000:0355       F_LXMUL@
 0000:0464       F_LXURSH@
 0000:0485 idle  F_PADD@
 0000:04B4 idle  F_PSUB@
 0000:0395 idle  LDIV@
 0000:03A4 idle  LMOD@
 0000:039C idle  LUDIV@
 0000:03AC idle  LUMOD@
 0000:0443 idle  LXLSH@
 0000:0355 idle  LXMUL@
 0000:0464 idle  LXURSH@
 0000:0392 idle  N_LDIV@
 0000:03A1 idle  N_LMOD@
 0000:0399 idle  N_LUDIV@
 0000:03A9 idle  N_LUMOD@
 0000:0440       N_LXLSH@
 0000:0461 idle  N_LXURSH@
 0000:0482       N_PADD@
 0000:0609       N_PCMP@
 0000:04B1 idle  N_PSUB@
 0000:0485 idle  PADD@
 0000:04B4 idle  PSUB@
 0000:027A       _abort
 0000:0295 idle  _atexit
 0000:0D90 idle  _cprintf
 062E:0461       _directvideo
 062E:007F       _errno
 0000:031A       _exit
 0000:10B0 idle  _farfree
 0000:11C4 idle  _farmalloc
 0000:1328 idle  _farrealloc
 0000:1ABD       _fflush
 0000:1B8A       _flushall
 0000:10B0       _free
 0000:1C4E       _fseek
 0000:1CCE idle  _ftell
 0000:14E2       _getch
 0000:14FE idle  _getche
 0000:036C       _getdate
 0000:1540       _gettext
 0000:037F       _gettime
 0000:052D       _isatty
 0000:15EC       _kbhit
 062E:04B8 idle  _key
 0000:1A5D       _longjmp
 0000:05E0       _lseek
 0213:0007       _main
 0000:11BA       _malloc
 0000:1DAE       _memcpy
 0000:15FE       _movetext
 0213:016B idle  _MyTask
 0213:0097 idle  _MyTask2
 062E:08BA idle  _MyTaskStk
 062E:20D4 idle  _OSCPUUsage
 023B:001E       _OSCtxSw
 062E:211E idle  _OSCtxSwCtr
 062E:211A idle  _OSEventFreeList
 062E:20FC idle  _OSEventTbl
 029D:08DD idle  _OSFlagAccept
 029D:0A0F idle  _OSFlagCreate
 029D:0A87 idle  _OSFlagDel
 062E:20D5 idle  _OSFlagFreeList
 029D:0BC9 idle  _OSFlagPend
 029D:0E23 idle  _OSFlagPost
 029D:0FC3 idle  _OSFlagQuery
 062E:20D9 idle  _OSFlagTbl
 062E:1CB8 idle  _OSIdleCtr
 062E:20D0 idle  _OSIdleCtrMax
 062E:20CC idle  _OSIdleCtrRun
 029D:0009       _OSInit
 0248:0006       _OSInitHookBegin
 0248:0007       _OSInitHookEnd
 023B:0059       _OSIntCtxSw
 029D:0041 idle  _OSIntEnter
 029D:0054       _OSIntExit
 062E:1CC9 idle  _OSIntExitY
 062E:1CCA       _OSIntNesting
 062E:1CC8 idle  _OSLockNesting
 062E:00BA idle  _OSMapTbl
 029D:1253 idle  _OSMboxAccept
 029D:129E idle  _OSMboxCreate
 029D:1313 idle  _OSMboxDel
 029D:1431 idle  _OSMboxPend
 029D:1533 idle  _OSMboxPost
 029D:15AB idle  _OSMboxPostOpt
 029D:164E idle  _OSMboxQuery
 029D:1736 idle  _OSMemCreate
 062E:0D74 idle  _OSMemFreeList
 029D:1881 idle  _OSMemGet
 029D:18FF idle  _OSMemPut
 029D:196F idle  _OSMemQuery
 062E:0D10 idle  _OSMemTbl
 029D:1ABC idle  _OSMutexAccept
 029D:1B47 idle  _OSMutexCreate
 029D:1C2D idle  _OSMutexDel
 029D:1D87 idle  _OSMutexPend
 029D:1F72 idle  _OSMutexPost
 029D:20FA idle  _OSMutexQuery
 062E:1CC7       _OSPrioCur
 062E:1CC6       _OSPrioHighRdy
 029D:2209 idle  _OSQAccept
 029D:22A9 idle  _OSQCreate
 029D:23CC idle  _OSQDel
 029D:2549 idle  _OSQFlush
 062E:0D0C idle  _OSQFreeList
 029D:25A1 idle  _OSQPend
 029D:26E7 idle  _OSQPost
 029D:27AF idle  _OSQPostFront
 029D:2871 idle  _OSQPostOpt
 029D:29AF idle  _OSQQuery
 062E:0CDC idle  _OSQTbl
 062E:1CC5 idle  _OSRdyGrp
 062E:1CBE idle  _OSRdyTbl
 062E:1CBD       _OSRunning
 029D:00CF idle  _OSSchedLock
 029D:00E5 idle  _OSSchedUnlock
 029D:2B2E idle  _OSSemAccept
 029D:2B60 idle  _OSSemCreate
 029D:2BD4 idle  _OSSemDel
 029D:2CF2 idle  _OSSemPend
 029D:2DA2 idle  _OSSemPost
 029D:2DFC idle  _OSSemQuery
 029D:0112       _OSStart
 023B:0000       _OSStartHighRdy
 029D:0171       _OSStatInit
 062E:20CB idle  _OSStatRdy
 029D:2EDC idle  _OSTaskChangePrio
 029D:30A8       _OSTaskCreate
 029D:3165 idle  _OSTaskCreateExt
 0248:0008       _OSTaskCreateHook
 062E:1CBC idle  _OSTaskCtr
 029D:3255 idle  _OSTaskDel
 0248:000D       _OSTaskDelHook
 029D:3434 idle  _OSTaskDelReq
 0248:0012       _OSTaskIdleHook
 062E:18B8 idle  _OSTaskIdleStk
 029D:36B2 idle  _OSTaskQuery
 029D:34A0 idle  _OSTaskResume
 0248:0013       _OSTaskStatHook
 062E:1CCB idle  _OSTaskStatStk
 029D:351F idle  _OSTaskStkChk
 0248:0014       _OSTaskStkInit
 0248:00FA idle  _OSTaskStkInit_FPE_x86
 029D:3604 idle  _OSTaskSuspend
 0248:01D5       _OSTaskSwHook
 062E:18B4       _OSTCBCur
 062E:18B0 idle  _OSTCBFreeList
 062E:18AC       _OSTCBHighRdy
 0248:01D6       _OSTCBInitHook
 062E:18A8 idle  _OSTCBList
 062E:17D4 idle  _OSTCBPrioTbl
 062E:0D78 idle  _OSTCBTbl
 062E:0CBA       _OSTickDOSCtr
 023B:0086       _OSTickISR
 062E:0CD8 idle  _OSTime
 029D:3720 idle  _OSTimeDly
 029D:3767       _OSTimeDlyHMSM
 029D:3856 idle  _OSTimeDlyResume
 029D:38CE idle  _OSTimeGet
 029D:38ED idle  _OSTimeSet
 029D:01AC       _OSTimeTick
 0248:01DB       _OSTimeTickHook
 062E:00C2 idle  _OSUnMapTbl
 029D:023A idle  _OSVersion
 029D:023E idle  _OS_Dummy
 029D:023F idle  _OS_EventTaskRdy
 029D:0309 idle  _OS_EventTaskWait
 029D:0376 idle  _OS_EventTO
 029D:03CA idle  _OS_EventWaitListInit
 029D:10E5 idle  _OS_FlagInit
 029D:11A4 idle  _OS_FlagUnlink
 029D:1A18 idle  _OS_MemInit
 029D:2ADE idle  _OS_QInit
 029D:05F6 idle  _OS_Sched
 029D:0659 idle  _OS_TaskIdle
 029D:067E idle  _OS_TaskStat
 029D:074A idle  _OS_TCBInit
 0265:000C       _PC_DispChar
 0265:004A idle  _PC_DispClrCol
 0265:0090 idle  _PC_DispClrRow
 0265:00C9 idle  _PC_DispClrScr
 0265:00FA idle  _PC_DispStr
 0265:0149       _PC_DOSReturn
 0265:015D       _PC_DOSSaveReturn
 0265:01CB idle  _PC_ElapsedInit
 0265:01DF idle  _PC_ElapsedStart
 0265:0205 idle  _PC_ElapsedStop
 0265:0256 idle  _PC_GetDateTime
 0265:02A9       _PC_GetKey
 0265:02D0       _PC_SetTickRate
 062E:0CBC idle  _PC_TickISR
 0265:031D idle  _PC_VectGet
 0265:0354       _PC_VectSet
 0000:169B       _putch
 0000:1596       _puttext
 0000:1321 idle  _realloc
 0000:1A0B       _setblock
 0000:1A27       _setjmp
 0000:1DD2       _setvbuf
 0000:1F2F       _sprintf
 0213:0073 idle  _TaskInit
 0000:1522 idle  _ungetch
 0000:1F51 idle  _vsprintf
 0000:1A9B idle  _wherex
 0000:1AAA idle  _wherey
 062E:0094 idle  _x
 062E:0095 idle  _y
 0213:0227 idle  _YouTask
 0213:010F idle  _YouTask2
 062E:04BA idle  _YouTaskStk
 0000:1000 idle  __AHINCR
 0000:000C idle  __AHSHIFT
 062E:01C2       __atexitcnt
 062E:2122       __atexittbl
 0000:1418       __brk
 062E:008B       __brklvl
 062E:006B idle  __C0argc
 062E:006D idle  __C0argv
 0000:0E72 idle  __c0crtinit
 062E:0071 idle  __C0environ
 062E:049F       __cChar
 0000:033B idle  __cexit
 062E:049E       __cFlag
 0000:016A       __checknull
 0000:0157       __cleanup
 0000:0C5E       __CPUTN
 0000:0E8F idle  __crtinit
 0000:0000  Abs  __cvtfak
 0000:0349 idle  __c_exit
 062E:038A idle  __doserrno
 0000:051B idle  __DOSERROR
 062E:038C idle  __dosErrorToSV
 062E:0075 idle  __envLng
 062E:0077 idle  __envseg
 062E:0079 idle  __envSize
 0000:0329       __exit
 062E:01C4       __exitbuf
 062E:01C8 idle  __exitfopen
 062E:01CC idle  __exitopen
 062E:0087       __heapbase
 062E:008F       __heaptop
 062E:005B idle  __Int0Vector
 062E:005F idle  __Int4Vector
 062E:0063 idle  __Int5Vector
 062E:0067 idle  __Int6Vector
 0000:04E2       __IOERROR
 0000:053E       __LONGTOA
 0000:0293 idle  __MMODEL
 062E:0360       __nfile
 0000:14FB idle  __Ngetche
 0000:151F idle  __Nungetch
 062E:0362       __openfd
 062E:007D idle  __osmajor
 062E:007E idle  __osminor
 062E:007D idle  __osversion
 062E:007B       __psp
 0000:16B2       __REALCVT
 062E:04A4       __RealCvtVector
 0000:01C0       __restorezero
 0000:1457       __sbrk
 062E:04A6 idle  __ScanTodVector
 0000:17EC       __SCREENIO
 0000:189F       __SCROLL
 0000:062A       __setupio
 062E:0081 idle  __StartTime
 062E:03E6       __stklen
 062E:01D0       __streams
 0000:016B       __terminate
 0000:0000 idle  __turboCrt
 0000:05C0 idle  __UTOA
 0000:1828       __VALIDATEXY
 062E:007D idle  __version
 062E:0452       __video
 0000:0DE7       __VideoInt
 0000:06FC       __VPRINTER
 0000:0BBF       __VPTR
 0000:0BE4       __VRAM
 0000:1A91       __wherexy
 0000:20C3       __write
 062E:0450       __wscroll
 0000:20FF       __xfflush
 062E:0085 idle  ___brklvl
 0000:0F70 idle  ___first
 0000:0F72 idle  ___last
 0000:0F74 idle  ___rover
 0000:1F72       ___write

  Address         Publics by Value

 0000:0000 idle  __turboCrt
 0000:0000  Abs  __cvtfak
 0000:000C idle  __AHSHIFT
 0000:0157       __cleanup
 0000:016A       __checknull
 0000:016B       __terminate
 0000:01C0       __restorezero
 0000:027A       _abort
 0000:0291 idle  DGROUP@
 0000:0293 idle  __MMODEL
 0000:0295 idle  _atexit
 0000:031A       _exit
 0000:0329       __exit
 0000:033B idle  __cexit
 0000:0349 idle  __c_exit
 0000:0355       F_LXMUL@
 0000:0355 idle  LXMUL@
 0000:036C       _getdate
 0000:037F       _gettime
 0000:0392 idle  N_LDIV@
 0000:0395 idle  LDIV@
 0000:0395 idle  F_LDIV@
 0000:0399 idle  N_LUDIV@
 0000:039C       F_LUDIV@
 0000:039C idle  LUDIV@
 0000:03A1 idle  N_LMOD@
 0000:03A4 idle  F_LMOD@
 0000:03A4 idle  LMOD@
 0000:03A9 idle  N_LUMOD@
 0000:03AC idle  LUMOD@
 0000:03AC idle  F_LUMOD@
 0000:0440       N_LXLSH@
 0000:0443       F_LXLSH@
 0000:0443 idle  LXLSH@
 0000:0461 idle  N_LXURSH@
 0000:0464       F_LXURSH@
 0000:0464 idle  LXURSH@
 0000:0482       N_PADD@
 0000:0485 idle  F_PADD@
 0000:0485 idle  PADD@
 0000:04B1 idle  N_PSUB@
 0000:04B4 idle  F_PSUB@
 0000:04B4 idle  PSUB@
 0000:04E2       __IOERROR
 0000:051B idle  __DOSERROR
 0000:052D       _isatty
 0000:053E       __LONGTOA
 0000:05C0 idle  __UTOA
 0000:05E0       _lseek
 0000:0609       N_PCMP@
 0000:062A       __setupio
 0000:06FC       __VPRINTER
 0000:0BBF       __VPTR
 0000:0BE4       __VRAM
 0000:0C5E       __CPUTN
 0000:0D90 idle  _cprintf
 0000:0DE7       __VideoInt
 0000:0E72 idle  __c0crtinit
 0000:0E8F idle  __crtinit
 0000:0F70 idle  ___first
 0000:0F72 idle  ___last
 0000:0F74 idle  ___rover
 0000:1000 idle  __AHINCR
 0000:10B0       _free
 0000:10B0 idle  _farfree
 0000:11BA       _malloc
 0000:11C4 idle  _farmalloc
 0000:1321 idle  _realloc
 0000:1328 idle  _farrealloc
 0000:1418       __brk
 0000:1457       __sbrk
 0000:14E2       _getch
 0000:14FB idle  __Ngetche
 0000:14FE idle  _getche
 0000:151F idle  __Nungetch
 0000:1522 idle  _ungetch
 0000:1540       _gettext
 0000:1596       _puttext
 0000:15EC       _kbhit
 0000:15FE       _movetext
 0000:169B       _putch
 0000:16B2       __REALCVT
 0000:17EC       __SCREENIO
 0000:1828       __VALIDATEXY
 0000:189F       __SCROLL
 0000:1A0B       _setblock
 0000:1A27       _setjmp
 0000:1A5D       _longjmp
 0000:1A91       __wherexy
 0000:1A9B idle  _wherex
 0000:1AAA idle  _wherey
 0000:1ABD       _fflush
 0000:1B8A       _flushall
 0000:1C4E       _fseek
 0000:1CCE idle  _ftell
 0000:1DAE       _memcpy
 0000:1DD2       _setvbuf
 0000:1F2F       _sprintf
 0000:1F51 idle  _vsprintf
 0000:1F72       ___write
 0000:20C3       __write
 0000:20FF       __xfflush
 0213:0007       _main
 0213:0073 idle  _TaskInit
 0213:0097 idle  _MyTask2
 0213:010F idle  _YouTask2
 0213:016B idle  _MyTask
 0213:0227 idle  _YouTask
 023B:0000       _OSStartHighRdy
 023B:001E       _OSCtxSw
 023B:0059       _OSIntCtxSw
 023B:0086       _OSTickISR
 0248:0006       _OSInitHookBegin
 0248:0007       _OSInitHookEnd
 0248:0008       _OSTaskCreateHook
 0248:000D       _OSTaskDelHook
 0248:0012       _OSTaskIdleHook
 0248:0013       _OSTaskStatHook
 0248:0014       _OSTaskStkInit
 0248:00FA idle  _OSTaskStkInit_FPE_x86
 0248:01D5       _OSTaskSwHook
 0248:01D6       _OSTCBInitHook
 0248:01DB       _OSTimeTickHook
 0265:000C       _PC_DispChar
 0265:004A idle  _PC_DispClrCol
 0265:0090 idle  _PC_DispClrRow
 0265:00C9 idle  _PC_DispClrScr
 0265:00FA idle  _PC_DispStr
 0265:0149       _PC_DOSReturn
 0265:015D       _PC_DOSSaveReturn
 0265:01CB idle  _PC_ElapsedInit
 0265:01DF idle  _PC_ElapsedStart
 0265:0205 idle  _PC_ElapsedStop
 0265:0256 idle  _PC_GetDateTime
 0265:02A9       _PC_GetKey
 0265:02D0       _PC_SetTickRate
 0265:031D idle  _PC_VectGet
 0265:0354       _PC_VectSet
 029D:0009       _OSInit
 029D:0041 idle  _OSIntEnter
 029D:0054       _OSIntExit
 029D:00CF idle  _OSSchedLock
 029D:00E5 idle  _OSSchedUnlock
 029D:0112       _OSStart
 029D:0171       _OSStatInit
 029D:01AC       _OSTimeTick
 029D:023A idle  _OSVersion
 029D:023E idle  _OS_Dummy
 029D:023F idle  _OS_EventTaskRdy
 029D:0309 idle  _OS_EventTaskWait
 029D:0376 idle  _OS_EventTO
 029D:03CA idle  _OS_EventWaitListInit
 029D:05F6 idle  _OS_Sched
 029D:0659 idle  _OS_TaskIdle
 029D:067E idle  _OS_TaskStat
 029D:074A idle  _OS_TCBInit
 029D:08DD idle  _OSFlagAccept
 029D:0A0F idle  _OSFlagCreate
 029D:0A87 idle  _OSFlagDel
 029D:0BC9 idle  _OSFlagPend
 029D:0E23 idle  _OSFlagPost
 029D:0FC3 idle  _OSFlagQuery
 029D:10E5 idle  _OS_FlagInit
 029D:11A4 idle  _OS_FlagUnlink
 029D:1253 idle  _OSMboxAccept
 029D:129E idle  _OSMboxCreate
 029D:1313 idle  _OSMboxDel
 029D:1431 idle  _OSMboxPend
 029D:1533 idle  _OSMboxPost
 029D:15AB idle  _OSMboxPostOpt
 029D:164E idle  _OSMboxQuery
 029D:1736 idle  _OSMemCreate
 029D:1881 idle  _OSMemGet
 029D:18FF idle  _OSMemPut
 029D:196F idle  _OSMemQuery
 029D:1A18 idle  _OS_MemInit
 029D:1ABC idle  _OSMutexAccept
 029D:1B47 idle  _OSMutexCreate
 029D:1C2D idle  _OSMutexDel
 029D:1D87 idle  _OSMutexPend
 029D:1F72 idle  _OSMutexPost
 029D:20FA idle  _OSMutexQuery
 029D:2209 idle  _OSQAccept
 029D:22A9 idle  _OSQCreate
 029D:23CC idle  _OSQDel
 029D:2549 idle  _OSQFlush
 029D:25A1 idle  _OSQPend
 029D:26E7 idle  _OSQPost
 029D:27AF idle  _OSQPostFront
 029D:2871 idle  _OSQPostOpt
 029D:29AF idle  _OSQQuery
 029D:2ADE idle  _OS_QInit
 029D:2B2E idle  _OSSemAccept
 029D:2B60 idle  _OSSemCreate
 029D:2BD4 idle  _OSSemDel
 029D:2CF2 idle  _OSSemPend
 029D:2DA2 idle  _OSSemPost
 029D:2DFC idle  _OSSemQuery
 029D:2EDC idle  _OSTaskChangePrio
 029D:30A8       _OSTaskCreate
 029D:3165 idle  _OSTaskCreateExt
 029D:3255 idle  _OSTaskDel
 029D:3434 idle  _OSTaskDelReq
 029D:34A0 idle  _OSTaskResume
 029D:351F idle  _OSTaskStkChk
 029D:3604 idle  _OSTaskSuspend
 029D:36B2 idle  _OSTaskQuery
 029D:3720 idle  _OSTimeDly
 029D:3767       _OSTimeDlyHMSM
 029D:3856 idle  _OSTimeDlyResume
 029D:38CE idle  _OSTimeGet
 029D:38ED idle  _OSTimeSet
 062E:0000 idle  DATASEG@
 062E:005B idle  __Int0Vector
 062E:005F idle  __Int4Vector
 062E:0063 idle  __Int5Vector
 062E:0067 idle  __Int6Vector
 062E:006B idle  __C0argc
 062E:006D idle  __C0argv
 062E:0071 idle  __C0environ
 062E:0075 idle  __envLng
 062E:0077 idle  __envseg
 062E:0079 idle  __envSize
 062E:007B       __psp
 062E:007D idle  __osversion
 062E:007D idle  __osmajor
 062E:007D idle  __version
 062E:007E idle  __osminor
 062E:007F       _errno
 062E:0081 idle  __StartTime
 062E:0085 idle  ___brklvl
 062E:0087       __heapbase
 062E:008B       __brklvl
 062E:008F       __heaptop
 062E:0094 idle  _x
 062E:0095 idle  _y
 062E:00BA idle  _OSMapTbl
 062E:00C2 idle  _OSUnMapTbl
 062E:01C2       __atexitcnt
 062E:01C4       __exitbuf
 062E:01C8 idle  __exitfopen
 062E:01CC idle  __exitopen
 062E:01D0       __streams
 062E:0360       __nfile
 062E:0362       __openfd
 062E:038A idle  __doserrno
 062E:038C idle  __dosErrorToSV
 062E:03E6       __stklen
 062E:0450       __wscroll
 062E:0452       __video
 062E:0461       _directvideo
 062E:049E       __cFlag
 062E:049F       __cChar
 062E:04A4       __RealCvtVector
 062E:04A6 idle  __ScanTodVector
 062E:04B8 idle  _key
 062E:04BA idle  _YouTaskStk
 062E:08BA idle  _MyTaskStk
 062E:0CBA       _OSTickDOSCtr
 062E:0CBC idle  _PC_TickISR
 062E:0CD8 idle  _OSTime
 062E:0CDC idle  _OSQTbl
 062E:0D0C idle  _OSQFreeList
 062E:0D10 idle  _OSMemTbl
 062E:0D74 idle  _OSMemFreeList
 062E:0D78 idle  _OSTCBTbl
 062E:17D4 idle  _OSTCBPrioTbl
 062E:18A8 idle  _OSTCBList
 062E:18AC       _OSTCBHighRdy
 062E:18B0 idle  _OSTCBFreeList
 062E:18B4       _OSTCBCur
 062E:18B8 idle  _OSTaskIdleStk
 062E:1CB8 idle  _OSIdleCtr
 062E:1CBC idle  _OSTaskCtr
 062E:1CBD       _OSRunning
 062E:1CBE idle  _OSRdyTbl
 062E:1CC5 idle  _OSRdyGrp
 062E:1CC6       _OSPrioHighRdy
 062E:1CC7       _OSPrioCur
 062E:1CC8 idle  _OSLockNesting
 062E:1CC9 idle  _OSIntExitY
 062E:1CCA       _OSIntNesting
 062E:1CCB idle  _OSTaskStatStk
 062E:20CB idle  _OSStatRdy
 062E:20CC idle  _OSIdleCtrRun
 062E:20D0 idle  _OSIdleCtrMax
 062E:20D4 idle  _OSCPUUsage
 062E:20D5 idle  _OSFlagFreeList
 062E:20D9 idle  _OSFlagTbl
 062E:20FC idle  _OSEventTbl
 062E:211A idle  _OSEventFreeList
 062E:211E idle  _OSCtxSwCtr
 062E:2122       __atexittbl

Program entry point at 0000:0000

