
 Start  Stop   Length Name               Class

 00000H 02136H 02137H _TEXT              CODE
 02137H 022B1H 0017BH TEST_TEXT          CODE
 022B2H 02387H 000D6H OS_CPU_A_TEXT      CODE
 02388H 0255DH 001D6H OS_CPU_C_TEXT      CODE
 0255EH 028DAH 0037DH PC_TEXT            CODE
 028DBH 061D3H 038F9H UCOS_II_TEXT       CODE
 061E0H 061E0H 00000H _FARDATA           FAR_DATA
 061E0H 061E0H 00000H _FARBSS            FAR_BSS
 061E0H 061E0H 00000H _OVERLAY_          OVRINFO
 061E0H 061E0H 00000H _1STUB_            STUBSEG
 061E0H 06683H 004A4H _DATA              DATA
 06684H 06685H 00002H _CVTSEG            DATA
 06686H 0668BH 00006H _SCNSEG            DATA
 0668CH 0668CH 00000H _CONST             CONST
 0668CH 06697H 0000CH _INIT_             INITDATA
 06698H 06698H 00000H _INITEND_          INITDATA
 06698H 06698H 00000H _EXIT_             EXITDATA
 06698H 06698H 00000H _EXITEND_          EXITDATA
 06698H 08381H 01CEAH _BSS               BSS
 08382H 08382H 00000H _BSSEND            BSSEND
 08390H 0840FH 00080H _STACK             STACK


Detailed map of segments

 0000:0000 0295 C=CODE   S=_TEXT          G=(none)  M=c0.ASM     ACBP=28
 0000:0295 002D C=CODE   S=_TEXT          G=(none)  M=ATEXIT     ACBP=28
 0000:02C2 0093 C=CODE   S=_TEXT          G=(none)  M=EXIT       ACBP=28
 0000:0355 0000 C=CODE   S=_TEXT          G=(none)  M=FILES      ACBP=28
 0000:0355 0000 C=CODE   S=_TEXT          G=(none)  M=FILES2     ACBP=28
 0000:0355 0017 C=CODE   S=_TEXT          G=(none)  M=F_LXMUL    ACBP=28
 0000:036C 0026 C=CODE   S=_TEXT          G=(none)  M=GETDATE    ACBP=28
 0000:0392 00AE C=CODE   S=_TEXT          G=(none)  M=H_LDIV     ACBP=28
 0000:0440 0021 C=CODE   S=_TEXT          G=(none)  M=H_LLSH     ACBP=28
 0000:0461 0021 C=CODE   S=_TEXT          G=(none)  M=H_LURSH    ACBP=28
 0000:0482 0060 C=CODE   S=_TEXT          G=(none)  M=H_PADD     ACBP=28
 0000:04E2 004B C=CODE   S=_TEXT          G=(none)  M=IOERROR    ACBP=28
 0000:052D 0011 C=CODE   S=_TEXT          G=(none)  M=ISATTY     ACBP=28
 0000:053E 00A2 C=CODE   S=_TEXT          G=(none)  M=LONGTOA    ACBP=28
 0000:05E0 0029 C=CODE   S=_TEXT          G=(none)  M=LSEEK      ACBP=28
 0000:0609 0021 C=CODE   S=_TEXT          G=(none)  M=N_PCMP     ACBP=28
 0000:062A 00BA C=CODE   S=_TEXT          G=(none)  M=SETUPIO    ACBP=28
 0000:06E4 0000 C=CODE   S=_TEXT          G=(none)  M=STKLEN     ACBP=28
 0000:06E4 04DB C=CODE   S=_TEXT          G=(none)  M=VPRINTER   ACBP=28
 0000:0BBF 009F C=CODE   S=_TEXT          G=(none)  M=VRAM       ACBP=28
 0000:0C5E 0000 C=CODE   S=_TEXT          G=(none)  M=WSCROLL    ACBP=28
 0000:0C5E 014E C=CODE   S=_TEXT          G=(none)  M=CPRINTF    ACBP=28
 0000:0DAC 01A5 C=CODE   S=_TEXT          G=(none)  M=CRTINIT    ACBP=28
 0000:0F51 001F C=CODE   S=_TEXT          G=(none)  M=CVTFAK     ACBP=28
 0000:0F70 0432 C=CODE   S=_TEXT          G=(none)  M=FARHEAP    ACBP=28
 0000:13A2 0140 C=CODE   S=_TEXT          G=(none)  M=FBRK       ACBP=28
 0000:14E2 005E C=CODE   S=_TEXT          G=(none)  M=GETCH      ACBP=28
 0000:1540 00AC C=CODE   S=_TEXT          G=(none)  M=GPTEXT     ACBP=28
 0000:15EC 0012 C=CODE   S=_TEXT          G=(none)  M=KBHIT      ACBP=28
 0000:15FE 009D C=CODE   S=_TEXT          G=(none)  M=MOVETEXT   ACBP=28
 0000:169B 0017 C=CODE   S=_TEXT          G=(none)  M=PUTCH      ACBP=28
 0000:16B2 0004 C=CODE   S=_TEXT          G=(none)  M=REALCVT    ACBP=28
 0000:16B6 01C7 C=CODE   S=_TEXT          G=(none)  M=SCREEN     ACBP=28
 0000:187D 018E C=CODE   S=_TEXT          G=(none)  M=SCROLL     ACBP=28
 0000:1A0B 001C C=CODE   S=_TEXT          G=(none)  M=SETBLOCK   ACBP=28
 0000:1A27 006A C=CODE   S=_TEXT          G=(none)  M=SETJMP     ACBP=28
 0000:1A91 002C C=CODE   S=_TEXT          G=(none)  M=WHEREXY    ACBP=28
 0000:1ABD 00CD C=CODE   S=_TEXT          G=(none)  M=FFLUSH     ACBP=28
 0000:1B8A 0042 C=CODE   S=_TEXT          G=(none)  M=FLUSHALL   ACBP=28
 0000:1BCC 01E2 C=CODE   S=_TEXT          G=(none)  M=FSEEK      ACBP=28
 0000:1DAE 0024 C=CODE   S=_TEXT          G=(none)  M=MEMCPY     ACBP=28
 0000:1DD2 011D C=CODE   S=_TEXT          G=(none)  M=SETVBUF    ACBP=28
 0000:1EEF 0083 C=CODE   S=_TEXT          G=(none)  M=SPRINTF    ACBP=28
 0000:1F72 0151 C=CODE   S=_TEXT          G=(none)  M=WRITE      ACBP=28
 0000:20C3 003C C=CODE   S=_TEXT          G=(none)  M=WRITEA     ACBP=28
 0000:20FF 0038 C=CODE   S=_TEXT          G=(none)  M=XFFLUSH    ACBP=28
 0213:0007 017B C=CODE   S=TEST_TEXT      G=(none)  M=test.c     ACBP=28
 022B:0002 00D6 C=CODE   S=OS_CPU_A_TEXT  G=(none)  M=\SOFTWARE\uCOS-II\Ix86L\BC31\OS_CPU_A.ASM ACBP=48
 0238:0008 01D6 C=CODE   S=OS_CPU_C_TEXT  G=(none)  M=os_cpu_c.c ACBP=28
 0255:000E 037D C=CODE   S=PC_TEXT        G=(none)  M=pc.c       ACBP=28
 028D:000B 38F9 C=CODE   S=UCOS_II_TEXT   G=(none)  M=ucos_ii.c  ACBP=28
 061E:0000 0000 C=FAR_DATA S=_FARDATA       G=(none)  M=c0.ASM     ACBP=68
 061E:0000 0000 C=FAR_BSS S=_FARBSS        G=(none)  M=c0.ASM     ACBP=68
 061E:0000 0000 C=OVRINFO S=_OVERLAY_      G=(none)  M=c0.ASM     ACBP=68
 061E:0000 0000 C=STUBSEG S=_1STUB_        G=(none)  M=c0.ASM     ACBP=68
 061E:0000 0093 C=DATA   S=_DATA          G=DGROUP  M=c0.ASM     ACBP=68
 061E:0094 0006 C=DATA   S=_DATA          G=DGROUP  M=test.c     ACBP=48
 061E:009A 0000 C=DATA   S=_DATA          G=DGROUP  M=\SOFTWARE\uCOS-II\Ix86L\BC31\OS_CPU_A.ASM ACBP=48
 061E:009A 0000 C=DATA   S=_DATA          G=DGROUP  M=os_cpu_c.c ACBP=48
 061E:009A 001F C=DATA   S=_DATA          G=DGROUP  M=pc.c       ACBP=48
 061E:00BA 0108 C=DATA   S=_DATA          G=DGROUP  M=ucos_ii.c  ACBP=48
 061E:01C2 0002 C=DATA   S=_DATA          G=DGROUP  M=ATEXIT     ACBP=48
 061E:01C4 000C C=DATA   S=_DATA          G=DGROUP  M=EXIT       ACBP=48
 061E:01D0 0190 C=DATA   S=_DATA          G=DGROUP  M=FILES      ACBP=48
 061E:0360 002A C=DATA   S=_DATA          G=DGROUP  M=FILES2     ACBP=48
 061E:038A 0000 C=DATA   S=_DATA          G=DGROUP  M=F_LXMUL    ACBP=48
 061E:038A 0000 C=DATA   S=_DATA          G=DGROUP  M=GETDATE    ACBP=48
 061E:038A 0000 C=DATA   S=_DATA          G=DGROUP  M=H_LDIV     ACBP=48
 061E:038A 0000 C=DATA   S=_DATA          G=DGROUP  M=H_LLSH     ACBP=48
 061E:038A 0000 C=DATA   S=_DATA          G=DGROUP  M=H_LURSH    ACBP=48
 061E:038A 0000 C=DATA   S=_DATA          G=DGROUP  M=H_PADD     ACBP=48
 061E:038A 005B C=DATA   S=_DATA          G=DGROUP  M=IOERROR    ACBP=48
 061E:03E6 0000 C=DATA   S=_DATA          G=DGROUP  M=ISATTY     ACBP=48
 061E:03E6 0000 C=DATA   S=_DATA          G=DGROUP  M=LONGTOA    ACBP=48
 061E:03E6 0000 C=DATA   S=_DATA          G=DGROUP  M=LSEEK      ACBP=48
 061E:03E6 0000 C=DATA   S=_DATA          G=DGROUP  M=N_PCMP     ACBP=48
 061E:03E6 0000 C=DATA   S=_DATA          G=DGROUP  M=SETUPIO    ACBP=48
 061E:03E6 0002 C=DATA   S=_DATA          G=DGROUP  M=STKLEN     ACBP=48
 061E:03E8 0067 C=DATA   S=_DATA          G=DGROUP  M=VPRINTER   ACBP=48
 061E:0450 0000 C=DATA   S=_DATA          G=DGROUP  M=VRAM       ACBP=48
 061E:0450 0002 C=DATA   S=_DATA          G=DGROUP  M=WSCROLL    ACBP=48
 061E:0452 0000 C=DATA   S=_DATA          G=DGROUP  M=CPRINTF    ACBP=48
 061E:0452 0018 C=DATA   S=_DATA          G=DGROUP  M=CRTINIT    ACBP=48
 061E:046A 0031 C=DATA   S=_DATA          G=DGROUP  M=CVTFAK     ACBP=48
 061E:049C 0000 C=DATA   S=_DATA          G=DGROUP  M=FARHEAP    ACBP=48
 061E:049C 0002 C=DATA   S=_DATA          G=DGROUP  M=FBRK       ACBP=48
 061E:049E 0000 C=DATA   S=_DATA          G=DGROUP  M=GETCH      ACBP=48
 061E:049E 0000 C=DATA   S=_DATA          G=DGROUP  M=GPTEXT     ACBP=48
 061E:049E 0002 C=DATA   S=_DATA          G=DGROUP  M=KBHIT      ACBP=48
 061E:04A0 0000 C=DATA   S=_DATA          G=DGROUP  M=MOVETEXT   ACBP=48
 061E:04A0 0000 C=DATA   S=_DATA          G=DGROUP  M=PUTCH      ACBP=48
 061E:04A0 0000 C=DATA   S=_DATA          G=DGROUP  M=REALCVT    ACBP=48
 061E:04A0 0000 C=DATA   S=_DATA          G=DGROUP  M=SCREEN     ACBP=48
 061E:04A0 0000 C=DATA   S=_DATA          G=DGROUP  M=SCROLL     ACBP=48
 061E:04A0 0000 C=DATA   S=_DATA          G=DGROUP  M=SETBLOCK   ACBP=48
 061E:04A0 0000 C=DATA   S=_DATA          G=DGROUP  M=SETJMP     ACBP=48
 061E:04A0 0000 C=DATA   S=_DATA          G=DGROUP  M=WHEREXY    ACBP=48
 061E:04A0 0000 C=DATA   S=_DATA          G=DGROUP  M=FFLUSH     ACBP=48
 061E:04A0 0000 C=DATA   S=_DATA          G=DGROUP  M=FLUSHALL   ACBP=48
 061E:04A0 0000 C=DATA   S=_DATA          G=DGROUP  M=FSEEK      ACBP=48
 061E:04A0 0000 C=DATA   S=_DATA          G=DGROUP  M=MEMCPY     ACBP=48
 061E:04A0 0004 C=DATA   S=_DATA          G=DGROUP  M=SETVBUF    ACBP=48
 061E:04A4 0000 C=DATA   S=_DATA          G=DGROUP  M=SPRINTF    ACBP=48
 061E:04A4 0000 C=DATA   S=_DATA          G=DGROUP  M=WRITE      ACBP=48
 061E:04A4 0000 C=DATA   S=_DATA          G=DGROUP  M=WRITEA     ACBP=48
 061E:04A4 0000 C=DATA   S=_DATA          G=DGROUP  M=XFFLUSH    ACBP=48
 061E:04A4 0000 C=DATA   S=_CVTSEG        G=DGROUP  M=c0.ASM     ACBP=48
 061E:04A4 0002 C=DATA   S=_CVTSEG        G=DGROUP  M=CVTFAK     ACBP=48
 061E:04A6 0000 C=DATA   S=_CVTSEG        G=DGROUP  M=REALCVT    ACBP=48
 061E:04A6 0000 C=DATA   S=_SCNSEG        G=DGROUP  M=c0.ASM     ACBP=48
 061E:04A6 0006 C=DATA   S=_SCNSEG        G=DGROUP  M=CVTFAK     ACBP=48
 061E:04AC 0000 C=CONST  S=_CONST         G=DGROUP  M=c0.ASM     ACBP=48
 061E:04AC 0000 C=INITDATA S=_INIT_         G=DGROUP  M=c0.ASM     ACBP=48
 061E:04AC 0006 C=INITDATA S=_INIT_         G=DGROUP  M=SETUPIO    ACBP=48
 061E:04B2 0006 C=INITDATA S=_INIT_         G=DGROUP  M=CRTINIT    ACBP=48
 061E:04B8 0000 C=INITDATA S=_INITEND_      G=DGROUP  M=c0.ASM     ACBP=28
 061E:04B8 0000 C=EXITDATA S=_EXIT_         G=DGROUP  M=c0.ASM     ACBP=48
 061E:04B8 0000 C=EXITDATA S=_EXITEND_      G=DGROUP  M=c0.ASM     ACBP=28
 061E:04B8 0000 C=BSS    S=_BSS           G=DGROUP  M=c0.ASM     ACBP=48
 061E:04B8 0802 C=BSS    S=_BSS           G=DGROUP  M=test.c     ACBP=48
 061E:0CBA 0001 C=BSS    S=_BSS           G=DGROUP  M=os_cpu_c.c ACBP=48
 061E:0CBC 001B C=BSS    S=_BSS           G=DGROUP  M=pc.c       ACBP=48
 061E:0CD8 144A C=BSS    S=_BSS           G=DGROUP  M=ucos_ii.c  ACBP=48
 061E:2122 0080 C=BSS    S=_BSS           G=DGROUP  M=ATEXIT     ACBP=48
 061E:21A2 0000 C=BSS    S=_BSS           G=DGROUP  M=IOERROR    ACBP=48
 061E:21A2 0000 C=BSS    S=_BSS           G=DGROUP  M=ISATTY     ACBP=48
 061E:21A2 0000 C=BSS    S=_BSS           G=DGROUP  M=LONGTOA    ACBP=48
 061E:21A2 0000 C=BSS    S=_BSS           G=DGROUP  M=LSEEK      ACBP=48
 061E:21A2 0000 C=BSS    S=_BSS           G=DGROUP  M=SETUPIO    ACBP=48
 061E:21A2 0000 C=BSS    S=_BSS           G=DGROUP  M=VPRINTER   ACBP=48
 061E:21A2 0000 C=BSS    S=_BSS           G=DGROUP  M=VRAM       ACBP=48
 061E:21A2 0000 C=BSS    S=_BSS           G=DGROUP  M=CRTINIT    ACBP=48
 061E:21A2 0000 C=BSS    S=_BSS           G=DGROUP  M=GETCH      ACBP=48
 061E:21A2 0000 C=BSS    S=_BSS           G=DGROUP  M=KBHIT      ACBP=48
 061E:21A2 0000 C=BSS    S=_BSS           G=DGROUP  M=SETBLOCK   ACBP=48
 061E:21A2 0000 C=BSS    S=_BSS           G=DGROUP  M=SETJMP     ACBP=48
 061E:21A2 0000 C=BSS    S=_BSS           G=DGROUP  M=MEMCPY     ACBP=48
 061E:21A2 0000 C=BSS    S=_BSS           G=DGROUP  M=WRITEA     ACBP=48
 061E:21A2 0000 C=BSSEND S=_BSSEND        G=DGROUP  M=c0.ASM     ACBP=28
 0839:0000 0080 C=STACK  S=_STACK         G=(none)  M=c0.ASM     ACBP=74

  Address         Publics by Name

 061E:0000 idle  DATASEG@
 0000:0291 idle  DGROUP@
 0000:0395 idle  F_LDIV@
 0000:03A4 idle  F_LMOD@
 0000:039C       F_LUDIV@
 0000:03AC idle  F_LUMOD@
 0000:0443       F_LXLSH@
 0000:0355       F_LXMUL@
 0000:0464       F_LXURSH@
 0000:0485 idle  F_PADD@
 0000:04B4 idle  F_PSUB@
 0000:0395 idle  LDIV@
 0000:03A4 idle  LMOD@
 0000:039C idle  LUDIV@
 0000:03AC idle  LUMOD@
 0000:0443 idle  LXLSH@
 0000:0355 idle  LXMUL@
 0000:0464 idle  LXURSH@
 0000:0392 idle  N_LDIV@
 0000:03A1 idle  N_LMOD@
 0000:0399 idle  N_LUDIV@
 0000:03A9 idle  N_LUMOD@
 0000:0440       N_LXLSH@
 0000:0461 idle  N_LXURSH@
 0000:0482       N_PADD@
 0000:0609       N_PCMP@
 0000:04B1 idle  N_PSUB@
 0000:0485 idle  PADD@
 0000:04B4 idle  PSUB@
 0000:027A       _abort
 0000:0295 idle  _atexit
 0000:0D90 idle  _cprintf
 061E:0461       _directvideo
 061E:007F       _errno
 0000:031A       _exit
 0000:10B0 idle  _farfree
 0000:11C4 idle  _farmalloc
 0000:1328 idle  _farrealloc
 0000:1ABD       _fflush
 0000:1B8A       _flushall
 0000:10B0       _free
 0000:1C4E       _fseek
 0000:1CCE idle  _ftell
 0000:14E2       _getch
 0000:14FE idle  _getche
 0000:036C       _getdate
 0000:1540       _gettext
 0000:037F       _gettime
 0000:052D       _isatty
 0000:15EC       _kbhit
 061E:04B8 idle  _key
 0000:1A5D       _longjmp
 0000:05E0       _lseek
 0213:0007       _main
 0000:11BA       _malloc
 0000:1DAE       _memcpy
 0000:15FE       _movetext
 0213:0051 idle  _MyTask
 061E:08BA idle  _MyTaskStk
 061E:20D4 idle  _OSCPUUsage
 022B:0020       _OSCtxSw
 061E:211E idle  _OSCtxSwCtr
 061E:211A idle  _OSEventFreeList
 061E:20FC idle  _OSEventTbl
 028D:08DF idle  _OSFlagAccept
 028D:0A11 idle  _OSFlagCreate
 028D:0A89 idle  _OSFlagDel
 061E:20D5 idle  _OSFlagFreeList
 028D:0BCB idle  _OSFlagPend
 028D:0E25 idle  _OSFlagPost
 028D:0FC5 idle  _OSFlagQuery
 061E:20D9 idle  _OSFlagTbl
 061E:1CB8 idle  _OSIdleCtr
 061E:20D0 idle  _OSIdleCtrMax
 061E:20CC idle  _OSIdleCtrRun
 028D:000B       _OSInit
 0238:0008       _OSInitHookBegin
 0238:0009       _OSInitHookEnd
 022B:005B       _OSIntCtxSw
 028D:0043 idle  _OSIntEnter
 028D:0056       _OSIntExit
 061E:1CC9 idle  _OSIntExitY
 061E:1CCA       _OSIntNesting
 061E:1CC8 idle  _OSLockNesting
 061E:00BA idle  _OSMapTbl
 028D:1255 idle  _OSMboxAccept
 028D:12A0 idle  _OSMboxCreate
 028D:1315 idle  _OSMboxDel
 028D:1433 idle  _OSMboxPend
 028D:1535 idle  _OSMboxPost
 028D:15AD idle  _OSMboxPostOpt
 028D:1650 idle  _OSMboxQuery
 028D:1738 idle  _OSMemCreate
 061E:0D74 idle  _OSMemFreeList
 028D:1883 idle  _OSMemGet
 028D:1901 idle  _OSMemPut
 028D:1971 idle  _OSMemQuery
 061E:0D10 idle  _OSMemTbl
 028D:1ABE idle  _OSMutexAccept
 028D:1B49 idle  _OSMutexCreate
 028D:1C2F idle  _OSMutexDel
 028D:1D89 idle  _OSMutexPend
 028D:1F74 idle  _OSMutexPost
 028D:20FC idle  _OSMutexQuery
 061E:1CC7       _OSPrioCur
 061E:1CC6       _OSPrioHighRdy
 028D:220B idle  _OSQAccept
 028D:22AB idle  _OSQCreate
 028D:23CE idle  _OSQDel
 028D:254B idle  _OSQFlush
 061E:0D0C idle  _OSQFreeList
 028D:25A3 idle  _OSQPend
 028D:26E9 idle  _OSQPost
 028D:27B1 idle  _OSQPostFront
 028D:2873 idle  _OSQPostOpt
 028D:29B1 idle  _OSQQuery
 061E:0CDC idle  _OSQTbl
 061E:1CC5 idle  _OSRdyGrp
 061E:1CBE idle  _OSRdyTbl
 061E:1CBD       _OSRunning
 028D:00D1       _OSSchedLock
 028D:00E7       _OSSchedUnlock
 028D:2B30 idle  _OSSemAccept
 028D:2B62 idle  _OSSemCreate
 028D:2BD6 idle  _OSSemDel
 028D:2CF4 idle  _OSSemPend
 028D:2DA4 idle  _OSSemPost
 028D:2DFE idle  _OSSemQuery
 028D:0114       _OSStart
 022B:0002       _OSStartHighRdy
 028D:0173       _OSStatInit
 061E:20CB idle  _OSStatRdy
 028D:2EDE idle  _OSTaskChangePrio
 028D:30AA       _OSTaskCreate
 028D:3167 idle  _OSTaskCreateExt
 0238:000A       _OSTaskCreateHook
 061E:1CBC idle  _OSTaskCtr
 028D:3257 idle  _OSTaskDel
 0238:000F       _OSTaskDelHook
 028D:3436 idle  _OSTaskDelReq
 0238:0014       _OSTaskIdleHook
 061E:18B8 idle  _OSTaskIdleStk
 028D:36B4 idle  _OSTaskQuery
 028D:34A2 idle  _OSTaskResume
 0238:0015       _OSTaskStatHook
 061E:1CCB idle  _OSTaskStatStk
 028D:3521 idle  _OSTaskStkChk
 0238:0016       _OSTaskStkInit
 0238:00FC idle  _OSTaskStkInit_FPE_x86
 028D:3606 idle  _OSTaskSuspend
 0238:01D7       _OSTaskSwHook
 061E:18B4       _OSTCBCur
 061E:18B0 idle  _OSTCBFreeList
 061E:18AC       _OSTCBHighRdy
 0238:01D8       _OSTCBInitHook
 061E:18A8 idle  _OSTCBList
 061E:17D4 idle  _OSTCBPrioTbl
 061E:0D78 idle  _OSTCBTbl
 061E:0CBA       _OSTickDOSCtr
 022B:0088       _OSTickISR
 061E:0CD8 idle  _OSTime
 028D:3722 idle  _OSTimeDly
 028D:3769       _OSTimeDlyHMSM
 028D:3858 idle  _OSTimeDlyResume
 028D:38D0 idle  _OSTimeGet
 028D:38EF idle  _OSTimeSet
 028D:01AE       _OSTimeTick
 0238:01DD       _OSTimeTickHook
 061E:00C2 idle  _OSUnMapTbl
 028D:023C idle  _OSVersion
 028D:0240 idle  _OS_Dummy
 028D:0241 idle  _OS_EventTaskRdy
 028D:030B idle  _OS_EventTaskWait
 028D:0378 idle  _OS_EventTO
 028D:03CC idle  _OS_EventWaitListInit
 028D:10E7 idle  _OS_FlagInit
 028D:11A6 idle  _OS_FlagUnlink
 028D:1A1A idle  _OS_MemInit
 028D:2AE0 idle  _OS_QInit
 028D:05F8 idle  _OS_Sched
 028D:065B idle  _OS_TaskIdle
 028D:0680 idle  _OS_TaskStat
 028D:074C idle  _OS_TCBInit
 0255:000E       _PC_DispChar
 0255:004C idle  _PC_DispClrCol
 0255:0092 idle  _PC_DispClrRow
 0255:00CB idle  _PC_DispClrScr
 0255:00FC idle  _PC_DispStr
 0255:014B       _PC_DOSReturn
 0255:015F       _PC_DOSSaveReturn
 0255:01CD idle  _PC_ElapsedInit
 0255:01E1 idle  _PC_ElapsedStart
 0255:0207 idle  _PC_ElapsedStop
 0255:0258 idle  _PC_GetDateTime
 0255:02AB       _PC_GetKey
 0255:02D2       _PC_SetTickRate
 061E:0CBC idle  _PC_TickISR
 0255:031F idle  _PC_VectGet
 0255:0356       _PC_VectSet
 0000:169B       _putch
 0000:1596       _puttext
 0000:1321 idle  _realloc
 0000:1A0B       _setblock
 0000:1A27       _setjmp
 0000:1DD2       _setvbuf
 0000:1F2F       _sprintf
 0000:1522 idle  _ungetch
 0000:1F51 idle  _vsprintf
 0000:1A9B idle  _wherex
 0000:1AAA idle  _wherey
 061E:0094 idle  _x
 061E:0095 idle  _y
 0213:012A idle  _YouTask
 061E:04BA idle  _YouTaskStk
 0000:1000 idle  __AHINCR
 0000:000C idle  __AHSHIFT
 061E:01C2       __atexitcnt
 061E:2122       __atexittbl
 0000:1418       __brk
 061E:008B       __brklvl
 061E:006B idle  __C0argc
 061E:006D idle  __C0argv
 0000:0E72 idle  __c0crtinit
 061E:0071 idle  __C0environ
 061E:049F       __cChar
 0000:033B idle  __cexit
 061E:049E       __cFlag
 0000:016A       __checknull
 0000:0157       __cleanup
 0000:0C5E       __CPUTN
 0000:0E8F idle  __crtinit
 0000:0000  Abs  __cvtfak
 0000:0349 idle  __c_exit
 061E:038A idle  __doserrno
 0000:051B idle  __DOSERROR
 061E:038C idle  __dosErrorToSV
 061E:0075 idle  __envLng
 061E:0077 idle  __envseg
 061E:0079 idle  __envSize
 0000:0329       __exit
 061E:01C4       __exitbuf
 061E:01C8 idle  __exitfopen
 061E:01CC idle  __exitopen
 061E:0087       __heapbase
 061E:008F       __heaptop
 061E:005B idle  __Int0Vector
 061E:005F idle  __Int4Vector
 061E:0063 idle  __Int5Vector
 061E:0067 idle  __Int6Vector
 0000:04E2       __IOERROR
 0000:053E       __LONGTOA
 0000:0293 idle  __MMODEL
 061E:0360       __nfile
 0000:14FB idle  __Ngetche
 0000:151F idle  __Nungetch
 061E:0362       __openfd
 061E:007D idle  __osmajor
 061E:007E idle  __osminor
 061E:007D idle  __osversion
 061E:007B       __psp
 0000:16B2       __REALCVT
 061E:04A4       __RealCvtVector
 0000:01C0       __restorezero
 0000:1457       __sbrk
 061E:04A6 idle  __ScanTodVector
 0000:17EC       __SCREENIO
 0000:189F       __SCROLL
 0000:062A       __setupio
 061E:0081 idle  __StartTime
 061E:03E6       __stklen
 061E:01D0       __streams
 0000:016B       __terminate
 0000:0000 idle  __turboCrt
 0000:05C0 idle  __UTOA
 0000:1828       __VALIDATEXY
 061E:007D idle  __version
 061E:0452       __video
 0000:0DE7       __VideoInt
 0000:06FC       __VPRINTER
 0000:0BBF       __VPTR
 0000:0BE4       __VRAM
 0000:1A91       __wherexy
 0000:20C3       __write
 061E:0450       __wscroll
 0000:20FF       __xfflush
 061E:0085 idle  ___brklvl
 0000:0F70 idle  ___first
 0000:0F72 idle  ___last
 0000:0F74 idle  ___rover
 0000:1F72       ___write

  Address         Publics by Value

 0000:0000 idle  __turboCrt
 0000:0000  Abs  __cvtfak
 0000:000C idle  __AHSHIFT
 0000:0157       __cleanup
 0000:016A       __checknull
 0000:016B       __terminate
 0000:01C0       __restorezero
 0000:027A       _abort
 0000:0291 idle  DGROUP@
 0000:0293 idle  __MMODEL
 0000:0295 idle  _atexit
 0000:031A       _exit
 0000:0329       __exit
 0000:033B idle  __cexit
 0000:0349 idle  __c_exit
 0000:0355       F_LXMUL@
 0000:0355 idle  LXMUL@
 0000:036C       _getdate
 0000:037F       _gettime
 0000:0392 idle  N_LDIV@
 0000:0395 idle  LDIV@
 0000:0395 idle  F_LDIV@
 0000:0399 idle  N_LUDIV@
 0000:039C       F_LUDIV@
 0000:039C idle  LUDIV@
 0000:03A1 idle  N_LMOD@
 0000:03A4 idle  F_LMOD@
 0000:03A4 idle  LMOD@
 0000:03A9 idle  N_LUMOD@
 0000:03AC idle  LUMOD@
 0000:03AC idle  F_LUMOD@
 0000:0440       N_LXLSH@
 0000:0443       F_LXLSH@
 0000:0443 idle  LXLSH@
 0000:0461 idle  N_LXURSH@
 0000:0464       F_LXURSH@
 0000:0464 idle  LXURSH@
 0000:0482       N_PADD@
 0000:0485 idle  F_PADD@
 0000:0485 idle  PADD@
 0000:04B1 idle  N_PSUB@
 0000:04B4 idle  F_PSUB@
 0000:04B4 idle  PSUB@
 0000:04E2       __IOERROR
 0000:051B idle  __DOSERROR
 0000:052D       _isatty
 0000:053E       __LONGTOA
 0000:05C0 idle  __UTOA
 0000:05E0       _lseek
 0000:0609       N_PCMP@
 0000:062A       __setupio
 0000:06FC       __VPRINTER
 0000:0BBF       __VPTR
 0000:0BE4       __VRAM
 0000:0C5E       __CPUTN
 0000:0D90 idle  _cprintf
 0000:0DE7       __VideoInt
 0000:0E72 idle  __c0crtinit
 0000:0E8F idle  __crtinit
 0000:0F70 idle  ___first
 0000:0F72 idle  ___last
 0000:0F74 idle  ___rover
 0000:1000 idle  __AHINCR
 0000:10B0       _free
 0000:10B0 idle  _farfree
 0000:11BA       _malloc
 0000:11C4 idle  _farmalloc
 0000:1321 idle  _realloc
 0000:1328 idle  _farrealloc
 0000:1418       __brk
 0000:1457       __sbrk
 0000:14E2       _getch
 0000:14FB idle  __Ngetche
 0000:14FE idle  _getche
 0000:151F idle  __Nungetch
 0000:1522 idle  _ungetch
 0000:1540       _gettext
 0000:1596       _puttext
 0000:15EC       _kbhit
 0000:15FE       _movetext
 0000:169B       _putch
 0000:16B2       __REALCVT
 0000:17EC       __SCREENIO
 0000:1828       __VALIDATEXY
 0000:189F       __SCROLL
 0000:1A0B       _setblock
 0000:1A27       _setjmp
 0000:1A5D       _longjmp
 0000:1A91       __wherexy
 0000:1A9B idle  _wherex
 0000:1AAA idle  _wherey
 0000:1ABD       _fflush
 0000:1B8A       _flushall
 0000:1C4E       _fseek
 0000:1CCE idle  _ftell
 0000:1DAE       _memcpy
 0000:1DD2       _setvbuf
 0000:1F2F       _sprintf
 0000:1F51 idle  _vsprintf
 0000:1F72       ___write
 0000:20C3       __write
 0000:20FF       __xfflush
 0213:0007       _main
 0213:0051 idle  _MyTask
 0213:012A idle  _YouTask
 022B:0002       _OSStartHighRdy
 022B:0020       _OSCtxSw
 022B:005B       _OSIntCtxSw
 022B:0088       _OSTickISR
 0238:0008       _OSInitHookBegin
 0238:0009       _OSInitHookEnd
 0238:000A       _OSTaskCreateHook
 0238:000F       _OSTaskDelHook
 0238:0014       _OSTaskIdleHook
 0238:0015       _OSTaskStatHook
 0238:0016       _OSTaskStkInit
 0238:00FC idle  _OSTaskStkInit_FPE_x86
 0238:01D7       _OSTaskSwHook
 0238:01D8       _OSTCBInitHook
 0238:01DD       _OSTimeTickHook
 0255:000E       _PC_DispChar
 0255:004C idle  _PC_DispClrCol
 0255:0092 idle  _PC_DispClrRow
 0255:00CB idle  _PC_DispClrScr
 0255:00FC idle  _PC_DispStr
 0255:014B       _PC_DOSReturn
 0255:015F       _PC_DOSSaveReturn
 0255:01CD idle  _PC_ElapsedInit
 0255:01E1 idle  _PC_ElapsedStart
 0255:0207 idle  _PC_ElapsedStop
 0255:0258 idle  _PC_GetDateTime
 0255:02AB       _PC_GetKey
 0255:02D2       _PC_SetTickRate
 0255:031F idle  _PC_VectGet
 0255:0356       _PC_VectSet
 028D:000B       _OSInit
 028D:0043 idle  _OSIntEnter
 028D:0056       _OSIntExit
 028D:00D1       _OSSchedLock
 028D:00E7       _OSSchedUnlock
 028D:0114       _OSStart
 028D:0173       _OSStatInit
 028D:01AE       _OSTimeTick
 028D:023C idle  _OSVersion
 028D:0240 idle  _OS_Dummy
 028D:0241 idle  _OS_EventTaskRdy
 028D:030B idle  _OS_EventTaskWait
 028D:0378 idle  _OS_EventTO
 028D:03CC idle  _OS_EventWaitListInit
 028D:05F8 idle  _OS_Sched
 028D:065B idle  _OS_TaskIdle
 028D:0680 idle  _OS_TaskStat
 028D:074C idle  _OS_TCBInit
 028D:08DF idle  _OSFlagAccept
 028D:0A11 idle  _OSFlagCreate
 028D:0A89 idle  _OSFlagDel
 028D:0BCB idle  _OSFlagPend
 028D:0E25 idle  _OSFlagPost
 028D:0FC5 idle  _OSFlagQuery
 028D:10E7 idle  _OS_FlagInit
 028D:11A6 idle  _OS_FlagUnlink
 028D:1255 idle  _OSMboxAccept
 028D:12A0 idle  _OSMboxCreate
 028D:1315 idle  _OSMboxDel
 028D:1433 idle  _OSMboxPend
 028D:1535 idle  _OSMboxPost
 028D:15AD idle  _OSMboxPostOpt
 028D:1650 idle  _OSMboxQuery
 028D:1738 idle  _OSMemCreate
 028D:1883 idle  _OSMemGet
 028D:1901 idle  _OSMemPut
 028D:1971 idle  _OSMemQuery
 028D:1A1A idle  _OS_MemInit
 028D:1ABE idle  _OSMutexAccept
 028D:1B49 idle  _OSMutexCreate
 028D:1C2F idle  _OSMutexDel
 028D:1D89 idle  _OSMutexPend
 028D:1F74 idle  _OSMutexPost
 028D:20FC idle  _OSMutexQuery
 028D:220B idle  _OSQAccept
 028D:22AB idle  _OSQCreate
 028D:23CE idle  _OSQDel
 028D:254B idle  _OSQFlush
 028D:25A3 idle  _OSQPend
 028D:26E9 idle  _OSQPost
 028D:27B1 idle  _OSQPostFront
 028D:2873 idle  _OSQPostOpt
 028D:29B1 idle  _OSQQuery
 028D:2AE0 idle  _OS_QInit
 028D:2B30 idle  _OSSemAccept
 028D:2B62 idle  _OSSemCreate
 028D:2BD6 idle  _OSSemDel
 028D:2CF4 idle  _OSSemPend
 028D:2DA4 idle  _OSSemPost
 028D:2DFE idle  _OSSemQuery
 028D:2EDE idle  _OSTaskChangePrio
 028D:30AA       _OSTaskCreate
 028D:3167 idle  _OSTaskCreateExt
 028D:3257 idle  _OSTaskDel
 028D:3436 idle  _OSTaskDelReq
 028D:34A2 idle  _OSTaskResume
 028D:3521 idle  _OSTaskStkChk
 028D:3606 idle  _OSTaskSuspend
 028D:36B4 idle  _OSTaskQuery
 028D:3722 idle  _OSTimeDly
 028D:3769       _OSTimeDlyHMSM
 028D:3858 idle  _OSTimeDlyResume
 028D:38D0 idle  _OSTimeGet
 028D:38EF idle  _OSTimeSet
 061E:0000 idle  DATASEG@
 061E:005B idle  __Int0Vector
 061E:005F idle  __Int4Vector
 061E:0063 idle  __Int5Vector
 061E:0067 idle  __Int6Vector
 061E:006B idle  __C0argc
 061E:006D idle  __C0argv
 061E:0071 idle  __C0environ
 061E:0075 idle  __envLng
 061E:0077 idle  __envseg
 061E:0079 idle  __envSize
 061E:007B       __psp
 061E:007D idle  __osversion
 061E:007D idle  __osmajor
 061E:007D idle  __version
 061E:007E idle  __osminor
 061E:007F       _errno
 061E:0081 idle  __StartTime
 061E:0085 idle  ___brklvl
 061E:0087       __heapbase
 061E:008B       __brklvl
 061E:008F       __heaptop
 061E:0094 idle  _x
 061E:0095 idle  _y
 061E:00BA idle  _OSMapTbl
 061E:00C2 idle  _OSUnMapTbl
 061E:01C2       __atexitcnt
 061E:01C4       __exitbuf
 061E:01C8 idle  __exitfopen
 061E:01CC idle  __exitopen
 061E:01D0       __streams
 061E:0360       __nfile
 061E:0362       __openfd
 061E:038A idle  __doserrno
 061E:038C idle  __dosErrorToSV
 061E:03E6       __stklen
 061E:0450       __wscroll
 061E:0452       __video
 061E:0461       _directvideo
 061E:049E       __cFlag
 061E:049F       __cChar
 061E:04A4       __RealCvtVector
 061E:04A6 idle  __ScanTodVector
 061E:04B8 idle  _key
 061E:04BA idle  _YouTaskStk
 061E:08BA idle  _MyTaskStk
 061E:0CBA       _OSTickDOSCtr
 061E:0CBC idle  _PC_TickISR
 061E:0CD8 idle  _OSTime
 061E:0CDC idle  _OSQTbl
 061E:0D0C idle  _OSQFreeList
 061E:0D10 idle  _OSMemTbl
 061E:0D74 idle  _OSMemFreeList
 061E:0D78 idle  _OSTCBTbl
 061E:17D4 idle  _OSTCBPrioTbl
 061E:18A8 idle  _OSTCBList
 061E:18AC       _OSTCBHighRdy
 061E:18B0 idle  _OSTCBFreeList
 061E:18B4       _OSTCBCur
 061E:18B8 idle  _OSTaskIdleStk
 061E:1CB8 idle  _OSIdleCtr
 061E:1CBC idle  _OSTaskCtr
 061E:1CBD       _OSRunning
 061E:1CBE idle  _OSRdyTbl
 061E:1CC5 idle  _OSRdyGrp
 061E:1CC6       _OSPrioHighRdy
 061E:1CC7       _OSPrioCur
 061E:1CC8 idle  _OSLockNesting
 061E:1CC9 idle  _OSIntExitY
 061E:1CCA       _OSIntNesting
 061E:1CCB idle  _OSTaskStatStk
 061E:20CB idle  _OSStatRdy
 061E:20CC idle  _OSIdleCtrRun
 061E:20D0 idle  _OSIdleCtrMax
 061E:20D4 idle  _OSCPUUsage
 061E:20D5 idle  _OSFlagFreeList
 061E:20D9 idle  _OSFlagTbl
 061E:20FC idle  _OSEventTbl
 061E:211A idle  _OSEventFreeList
 061E:211E idle  _OSCtxSwCtr
 061E:2122       __atexittbl

Program entry point at 0000:0000

