
 Start  Stop   Length Name               Class

 00000H 02136H 02137H _TEXT              CODE
 02137H 022C9H 00193H TEST_TEXT          CODE
 022CAH 0239FH 000D6H OS_CPU_A_TEXT      CODE
 023A0H 025B8H 00219H OS_CPU_C_TEXT      CODE
 025B9H 02935H 0037DH PC_TEXT            CODE
 02936H 0622EH 038F9H UCOS_II_TEXT       CODE
 06230H 06230H 00000H _FARDATA           FAR_DATA
 06230H 06230H 00000H _FARBSS            FAR_BSS
 06230H 06230H 00000H _OVERLAY_          OVRINFO
 06230H 06230H 00000H _1STUB_            STUBSEG
 06230H 06705H 004D6H _DATA              DATA
 06706H 06707H 00002H _CVTSEG            DATA
 06708H 0670DH 00006H _SCNSEG            DATA
 0670EH 0670EH 00000H _CONST             CONST
 0670EH 06719H 0000CH _INIT_             INITDATA
 0671AH 0671AH 00000H _INITEND_          INITDATA
 0671AH 0671AH 00000H _EXIT_             EXITDATA
 0671AH 0671AH 00000H _EXITEND_          EXITDATA
 0671AH 08807H 020EEH _BSS               BSS
 08808H 08808H 00000H _BSSEND            BSSEND
 08810H 0888FH 00080H _STACK             STACK


Detailed map of segments

 0000:0000 0295 C=CODE   S=_TEXT          G=(none)  M=c0.ASM     ACBP=28
 0000:0295 002D C=CODE   S=_TEXT          G=(none)  M=ATEXIT     ACBP=28
 0000:02C2 0093 C=CODE   S=_TEXT          G=(none)  M=EXIT       ACBP=28
 0000:0355 0000 C=CODE   S=_TEXT          G=(none)  M=FILES      ACBP=28
 0000:0355 0000 C=CODE   S=_TEXT          G=(none)  M=FILES2     ACBP=28
 0000:0355 0017 C=CODE   S=_TEXT          G=(none)  M=F_LXMUL    ACBP=28
 0000:036C 0026 C=CODE   S=_TEXT          G=(none)  M=GETDATE    ACBP=28
 0000:0392 00AE C=CODE   S=_TEXT          G=(none)  M=H_LDIV     ACBP=28
 0000:0440 0021 C=CODE   S=_TEXT          G=(none)  M=H_LLSH     ACBP=28
 0000:0461 0021 C=CODE   S=_TEXT          G=(none)  M=H_LURSH    ACBP=28
 0000:0482 0060 C=CODE   S=_TEXT          G=(none)  M=H_PADD     ACBP=28
 0000:04E2 004B C=CODE   S=_TEXT          G=(none)  M=IOERROR    ACBP=28
 0000:052D 0011 C=CODE   S=_TEXT          G=(none)  M=ISATTY     ACBP=28
 0000:053E 00A2 C=CODE   S=_TEXT          G=(none)  M=LONGTOA    ACBP=28
 0000:05E0 0029 C=CODE   S=_TEXT          G=(none)  M=LSEEK      ACBP=28
 0000:0609 0021 C=CODE   S=_TEXT          G=(none)  M=N_PCMP     ACBP=28
 0000:062A 00BA C=CODE   S=_TEXT          G=(none)  M=SETUPIO    ACBP=28
 0000:06E4 0000 C=CODE   S=_TEXT          G=(none)  M=STKLEN     ACBP=28
 0000:06E4 04DB C=CODE   S=_TEXT          G=(none)  M=VPRINTER   ACBP=28
 0000:0BBF 009F C=CODE   S=_TEXT          G=(none)  M=VRAM       ACBP=28
 0000:0C5E 0000 C=CODE   S=_TEXT          G=(none)  M=WSCROLL    ACBP=28
 0000:0C5E 014E C=CODE   S=_TEXT          G=(none)  M=CPRINTF    ACBP=28
 0000:0DAC 01A5 C=CODE   S=_TEXT          G=(none)  M=CRTINIT    ACBP=28
 0000:0F51 001F C=CODE   S=_TEXT          G=(none)  M=CVTFAK     ACBP=28
 0000:0F70 0432 C=CODE   S=_TEXT          G=(none)  M=FARHEAP    ACBP=28
 0000:13A2 0140 C=CODE   S=_TEXT          G=(none)  M=FBRK       ACBP=28
 0000:14E2 005E C=CODE   S=_TEXT          G=(none)  M=GETCH      ACBP=28
 0000:1540 00AC C=CODE   S=_TEXT          G=(none)  M=GPTEXT     ACBP=28
 0000:15EC 0012 C=CODE   S=_TEXT          G=(none)  M=KBHIT      ACBP=28
 0000:15FE 009D C=CODE   S=_TEXT          G=(none)  M=MOVETEXT   ACBP=28
 0000:169B 0017 C=CODE   S=_TEXT          G=(none)  M=PUTCH      ACBP=28
 0000:16B2 0004 C=CODE   S=_TEXT          G=(none)  M=REALCVT    ACBP=28
 0000:16B6 01C7 C=CODE   S=_TEXT          G=(none)  M=SCREEN     ACBP=28
 0000:187D 018E C=CODE   S=_TEXT          G=(none)  M=SCROLL     ACBP=28
 0000:1A0B 001C C=CODE   S=_TEXT          G=(none)  M=SETBLOCK   ACBP=28
 0000:1A27 006A C=CODE   S=_TEXT          G=(none)  M=SETJMP     ACBP=28
 0000:1A91 002C C=CODE   S=_TEXT          G=(none)  M=WHEREXY    ACBP=28
 0000:1ABD 00CD C=CODE   S=_TEXT          G=(none)  M=FFLUSH     ACBP=28
 0000:1B8A 0042 C=CODE   S=_TEXT          G=(none)  M=FLUSHALL   ACBP=28
 0000:1BCC 01E2 C=CODE   S=_TEXT          G=(none)  M=FSEEK      ACBP=28
 0000:1DAE 0024 C=CODE   S=_TEXT          G=(none)  M=MEMCPY     ACBP=28
 0000:1DD2 011D C=CODE   S=_TEXT          G=(none)  M=SETVBUF    ACBP=28
 0000:1EEF 0083 C=CODE   S=_TEXT          G=(none)  M=SPRINTF    ACBP=28
 0000:1F72 0151 C=CODE   S=_TEXT          G=(none)  M=WRITE      ACBP=28
 0000:20C3 003C C=CODE   S=_TEXT          G=(none)  M=WRITEA     ACBP=28
 0000:20FF 0038 C=CODE   S=_TEXT          G=(none)  M=XFFLUSH    ACBP=28
 0213:0007 0193 C=CODE   S=TEST_TEXT      G=(none)  M=test.c     ACBP=28
 022C:000A 00D6 C=CODE   S=OS_CPU_A_TEXT  G=(none)  M=\SOFTWARE\uCOS-II\Ix86L\BC31\OS_CPU_A.ASM ACBP=48
 023A:0000 0219 C=CODE   S=OS_CPU_C_TEXT  G=(none)  M=os_cpu_c.c ACBP=28
 025B:0009 037D C=CODE   S=PC_TEXT        G=(none)  M=pc.c       ACBP=28
 0293:0006 38F9 C=CODE   S=UCOS_II_TEXT   G=(none)  M=ucos_ii.c  ACBP=28
 0623:0000 0000 C=FAR_DATA S=_FARDATA       G=(none)  M=c0.ASM     ACBP=68
 0623:0000 0000 C=FAR_BSS S=_FARBSS        G=(none)  M=c0.ASM     ACBP=68
 0623:0000 0000 C=OVRINFO S=_OVERLAY_      G=(none)  M=c0.ASM     ACBP=68
 0623:0000 0000 C=STUBSEG S=_1STUB_        G=(none)  M=c0.ASM     ACBP=68
 0623:0000 0093 C=DATA   S=_DATA          G=DGROUP  M=c0.ASM     ACBP=68
 0623:0094 0030 C=DATA   S=_DATA          G=DGROUP  M=test.c     ACBP=48
 0623:00C4 0000 C=DATA   S=_DATA          G=DGROUP  M=\SOFTWARE\uCOS-II\Ix86L\BC31\OS_CPU_A.ASM ACBP=48
 0623:00C4 0008 C=DATA   S=_DATA          G=DGROUP  M=os_cpu_c.c ACBP=48
 0623:00CC 001F C=DATA   S=_DATA          G=DGROUP  M=pc.c       ACBP=48
 0623:00EC 0108 C=DATA   S=_DATA          G=DGROUP  M=ucos_ii.c  ACBP=48
 0623:01F4 0002 C=DATA   S=_DATA          G=DGROUP  M=ATEXIT     ACBP=48
 0623:01F6 000C C=DATA   S=_DATA          G=DGROUP  M=EXIT       ACBP=48
 0623:0202 0190 C=DATA   S=_DATA          G=DGROUP  M=FILES      ACBP=48
 0623:0392 002A C=DATA   S=_DATA          G=DGROUP  M=FILES2     ACBP=48
 0623:03BC 0000 C=DATA   S=_DATA          G=DGROUP  M=F_LXMUL    ACBP=48
 0623:03BC 0000 C=DATA   S=_DATA          G=DGROUP  M=GETDATE    ACBP=48
 0623:03BC 0000 C=DATA   S=_DATA          G=DGROUP  M=H_LDIV     ACBP=48
 0623:03BC 0000 C=DATA   S=_DATA          G=DGROUP  M=H_LLSH     ACBP=48
 0623:03BC 0000 C=DATA   S=_DATA          G=DGROUP  M=H_LURSH    ACBP=48
 0623:03BC 0000 C=DATA   S=_DATA          G=DGROUP  M=H_PADD     ACBP=48
 0623:03BC 005B C=DATA   S=_DATA          G=DGROUP  M=IOERROR    ACBP=48
 0623:0418 0000 C=DATA   S=_DATA          G=DGROUP  M=ISATTY     ACBP=48
 0623:0418 0000 C=DATA   S=_DATA          G=DGROUP  M=LONGTOA    ACBP=48
 0623:0418 0000 C=DATA   S=_DATA          G=DGROUP  M=LSEEK      ACBP=48
 0623:0418 0000 C=DATA   S=_DATA          G=DGROUP  M=N_PCMP     ACBP=48
 0623:0418 0000 C=DATA   S=_DATA          G=DGROUP  M=SETUPIO    ACBP=48
 0623:0418 0002 C=DATA   S=_DATA          G=DGROUP  M=STKLEN     ACBP=48
 0623:041A 0067 C=DATA   S=_DATA          G=DGROUP  M=VPRINTER   ACBP=48
 0623:0482 0000 C=DATA   S=_DATA          G=DGROUP  M=VRAM       ACBP=48
 0623:0482 0002 C=DATA   S=_DATA          G=DGROUP  M=WSCROLL    ACBP=48
 0623:0484 0000 C=DATA   S=_DATA          G=DGROUP  M=CPRINTF    ACBP=48
 0623:0484 0018 C=DATA   S=_DATA          G=DGROUP  M=CRTINIT    ACBP=48
 0623:049C 0031 C=DATA   S=_DATA          G=DGROUP  M=CVTFAK     ACBP=48
 0623:04CE 0000 C=DATA   S=_DATA          G=DGROUP  M=FARHEAP    ACBP=48
 0623:04CE 0002 C=DATA   S=_DATA          G=DGROUP  M=FBRK       ACBP=48
 0623:04D0 0000 C=DATA   S=_DATA          G=DGROUP  M=GETCH      ACBP=48
 0623:04D0 0000 C=DATA   S=_DATA          G=DGROUP  M=GPTEXT     ACBP=48
 0623:04D0 0002 C=DATA   S=_DATA          G=DGROUP  M=KBHIT      ACBP=48
 0623:04D2 0000 C=DATA   S=_DATA          G=DGROUP  M=MOVETEXT   ACBP=48
 0623:04D2 0000 C=DATA   S=_DATA          G=DGROUP  M=PUTCH      ACBP=48
 0623:04D2 0000 C=DATA   S=_DATA          G=DGROUP  M=REALCVT    ACBP=48
 0623:04D2 0000 C=DATA   S=_DATA          G=DGROUP  M=SCREEN     ACBP=48
 0623:04D2 0000 C=DATA   S=_DATA          G=DGROUP  M=SCROLL     ACBP=48
 0623:04D2 0000 C=DATA   S=_DATA          G=DGROUP  M=SETBLOCK   ACBP=48
 0623:04D2 0000 C=DATA   S=_DATA          G=DGROUP  M=SETJMP     ACBP=48
 0623:04D2 0000 C=DATA   S=_DATA          G=DGROUP  M=WHEREXY    ACBP=48
 0623:04D2 0000 C=DATA   S=_DATA          G=DGROUP  M=FFLUSH     ACBP=48
 0623:04D2 0000 C=DATA   S=_DATA          G=DGROUP  M=FLUSHALL   ACBP=48
 0623:04D2 0000 C=DATA   S=_DATA          G=DGROUP  M=FSEEK      ACBP=48
 0623:04D2 0000 C=DATA   S=_DATA          G=DGROUP  M=MEMCPY     ACBP=48
 0623:04D2 0004 C=DATA   S=_DATA          G=DGROUP  M=SETVBUF    ACBP=48
 0623:04D6 0000 C=DATA   S=_DATA          G=DGROUP  M=SPRINTF    ACBP=48
 0623:04D6 0000 C=DATA   S=_DATA          G=DGROUP  M=WRITE      ACBP=48
 0623:04D6 0000 C=DATA   S=_DATA          G=DGROUP  M=WRITEA     ACBP=48
 0623:04D6 0000 C=DATA   S=_DATA          G=DGROUP  M=XFFLUSH    ACBP=48
 0623:04D6 0000 C=DATA   S=_CVTSEG        G=DGROUP  M=c0.ASM     ACBP=48
 0623:04D6 0002 C=DATA   S=_CVTSEG        G=DGROUP  M=CVTFAK     ACBP=48
 0623:04D8 0000 C=DATA   S=_CVTSEG        G=DGROUP  M=REALCVT    ACBP=48
 0623:04D8 0000 C=DATA   S=_SCNSEG        G=DGROUP  M=c0.ASM     ACBP=48
 0623:04D8 0006 C=DATA   S=_SCNSEG        G=DGROUP  M=CVTFAK     ACBP=48
 0623:04DE 0000 C=CONST  S=_CONST         G=DGROUP  M=c0.ASM     ACBP=48
 0623:04DE 0000 C=INITDATA S=_INIT_         G=DGROUP  M=c0.ASM     ACBP=48
 0623:04DE 0006 C=INITDATA S=_INIT_         G=DGROUP  M=SETUPIO    ACBP=48
 0623:04E4 0006 C=INITDATA S=_INIT_         G=DGROUP  M=CRTINIT    ACBP=48
 0623:04EA 0000 C=INITDATA S=_INITEND_      G=DGROUP  M=c0.ASM     ACBP=28
 0623:04EA 0000 C=EXITDATA S=_EXIT_         G=DGROUP  M=c0.ASM     ACBP=48
 0623:04EA 0000 C=EXITDATA S=_EXITEND_      G=DGROUP  M=c0.ASM     ACBP=28
 0623:04EA 0000 C=BSS    S=_BSS           G=DGROUP  M=c0.ASM     ACBP=48
 0623:04EA 0C02 C=BSS    S=_BSS           G=DGROUP  M=test.c     ACBP=48
 0623:10EC 0006 C=BSS    S=_BSS           G=DGROUP  M=os_cpu_c.c ACBP=48
 0623:10F2 001B C=BSS    S=_BSS           G=DGROUP  M=pc.c       ACBP=48
 0623:110E 144A C=BSS    S=_BSS           G=DGROUP  M=ucos_ii.c  ACBP=48
 0623:2558 0080 C=BSS    S=_BSS           G=DGROUP  M=ATEXIT     ACBP=48
 0623:25D8 0000 C=BSS    S=_BSS           G=DGROUP  M=IOERROR    ACBP=48
 0623:25D8 0000 C=BSS    S=_BSS           G=DGROUP  M=ISATTY     ACBP=48
 0623:25D8 0000 C=BSS    S=_BSS           G=DGROUP  M=LONGTOA    ACBP=48
 0623:25D8 0000 C=BSS    S=_BSS           G=DGROUP  M=LSEEK      ACBP=48
 0623:25D8 0000 C=BSS    S=_BSS           G=DGROUP  M=SETUPIO    ACBP=48
 0623:25D8 0000 C=BSS    S=_BSS           G=DGROUP  M=VPRINTER   ACBP=48
 0623:25D8 0000 C=BSS    S=_BSS           G=DGROUP  M=VRAM       ACBP=48
 0623:25D8 0000 C=BSS    S=_BSS           G=DGROUP  M=CRTINIT    ACBP=48
 0623:25D8 0000 C=BSS    S=_BSS           G=DGROUP  M=GETCH      ACBP=48
 0623:25D8 0000 C=BSS    S=_BSS           G=DGROUP  M=KBHIT      ACBP=48
 0623:25D8 0000 C=BSS    S=_BSS           G=DGROUP  M=SETBLOCK   ACBP=48
 0623:25D8 0000 C=BSS    S=_BSS           G=DGROUP  M=SETJMP     ACBP=48
 0623:25D8 0000 C=BSS    S=_BSS           G=DGROUP  M=MEMCPY     ACBP=48
 0623:25D8 0000 C=BSS    S=_BSS           G=DGROUP  M=WRITEA     ACBP=48
 0623:25D8 0000 C=BSSEND S=_BSSEND        G=DGROUP  M=c0.ASM     ACBP=28
 0881:0000 0080 C=STACK  S=_STACK         G=(none)  M=c0.ASM     ACBP=74

  Address         Publics by Name

 0623:0000 idle  DATASEG@
 0000:0291 idle  DGROUP@
 0000:0395 idle  F_LDIV@
 0000:03A4 idle  F_LMOD@
 0000:039C       F_LUDIV@
 0000:03AC idle  F_LUMOD@
 0000:0443       F_LXLSH@
 0000:0355       F_LXMUL@
 0000:0464       F_LXURSH@
 0000:0485 idle  F_PADD@
 0000:04B4 idle  F_PSUB@
 0000:0395 idle  LDIV@
 0000:03A4 idle  LMOD@
 0000:039C idle  LUDIV@
 0000:03AC idle  LUMOD@
 0000:0443 idle  LXLSH@
 0000:0355 idle  LXMUL@
 0000:0464 idle  LXURSH@
 0000:0392 idle  N_LDIV@
 0000:03A1 idle  N_LMOD@
 0000:0399 idle  N_LUDIV@
 0000:03A9 idle  N_LUMOD@
 0000:0440       N_LXLSH@
 0000:0461 idle  N_LXURSH@
 0000:0482       N_PADD@
 0000:0609       N_PCMP@
 0000:04B1 idle  N_PSUB@
 0000:0485 idle  PADD@
 0000:04B4 idle  PSUB@
 0000:027A       _abort
 0000:0295 idle  _atexit
 0623:0097 idle  _count
 0000:0D90 idle  _cprintf
 0623:00C4 idle  _d
 0623:0493       _directvideo
 0623:007F       _errno
 0000:031A       _exit
 0000:10B0 idle  _farfree
 0000:11C4 idle  _farmalloc
 0000:1328 idle  _farrealloc
 0000:1ABD       _fflush
 0000:1B8A       _flushall
 0000:10B0       _free
 0000:1C4E       _fseek
 0000:1CCE idle  _ftell
 0000:14E2       _getch
 0000:14FE idle  _getche
 0000:036C       _getdate
 0000:1540       _gettext
 0000:037F       _gettime
 0623:0096 idle  _InterKey
 0623:04EC idle  _InterTaskStk
 0000:052D       _isatty
 0000:15EC       _kbhit
 0623:04EA idle  _key
 0623:00C5 idle  _l
 0000:1A5D       _longjmp
 0000:05E0       _lseek
 0213:0007       _main
 0000:11BA       _malloc
 0000:1DAE       _memcpy
 0000:15FE       _movetext
 0213:0051 idle  _MyTask
 0623:0CEC idle  _MyTaskStk
 0623:250A idle  _OSCPUUsage
 022C:0028       _OSCtxSw
 0623:2554 idle  _OSCtxSwCtr
 0623:2550 idle  _OSEventFreeList
 0623:2532 idle  _OSEventTbl
 0293:08DA idle  _OSFlagAccept
 0293:0A0C idle  _OSFlagCreate
 0293:0A84 idle  _OSFlagDel
 0623:250B idle  _OSFlagFreeList
 0293:0BC6 idle  _OSFlagPend
 0293:0E20 idle  _OSFlagPost
 0293:0FC0 idle  _OSFlagQuery
 0623:250F idle  _OSFlagTbl
 0623:20EE idle  _OSIdleCtr
 0623:2506 idle  _OSIdleCtrMax
 0623:2502 idle  _OSIdleCtrRun
 0293:0006       _OSInit
 023A:0000       _OSInitHookBegin
 023A:0001       _OSInitHookEnd
 022C:0063       _OSIntCtxSw
 0293:003E idle  _OSIntEnter
 0293:0051       _OSIntExit
 0623:20FF idle  _OSIntExitY
 0623:2100       _OSIntNesting
 0623:20FE idle  _OSLockNesting
 0623:00EC idle  _OSMapTbl
 0293:1250 idle  _OSMboxAccept
 0293:129B idle  _OSMboxCreate
 0293:1310 idle  _OSMboxDel
 0293:142E idle  _OSMboxPend
 0293:1530 idle  _OSMboxPost
 0293:15A8 idle  _OSMboxPostOpt
 0293:164B idle  _OSMboxQuery
 0293:1733 idle  _OSMemCreate
 0623:11AA idle  _OSMemFreeList
 0293:187E idle  _OSMemGet
 0293:18FC idle  _OSMemPut
 0293:196C idle  _OSMemQuery
 0623:1146 idle  _OSMemTbl
 0293:1AB9 idle  _OSMutexAccept
 0293:1B44 idle  _OSMutexCreate
 0293:1C2A idle  _OSMutexDel
 0293:1D84 idle  _OSMutexPend
 0293:1F6F idle  _OSMutexPost
 0293:20F7 idle  _OSMutexQuery
 0623:20FD       _OSPrioCur
 0623:20FC       _OSPrioHighRdy
 0293:2206 idle  _OSQAccept
 0293:22A6 idle  _OSQCreate
 0293:23C9 idle  _OSQDel
 0293:2546 idle  _OSQFlush
 0623:1142 idle  _OSQFreeList
 0293:259E idle  _OSQPend
 0293:26E4 idle  _OSQPost
 0293:27AC idle  _OSQPostFront
 0293:286E idle  _OSQPostOpt
 0293:29AC idle  _OSQQuery
 0623:1112 idle  _OSQTbl
 0623:20FB idle  _OSRdyGrp
 0623:20F4 idle  _OSRdyTbl
 0623:20F3       _OSRunning
 0293:00CC idle  _OSSchedLock
 0293:00E2 idle  _OSSchedUnlock
 0293:2B2B idle  _OSSemAccept
 0293:2B5D idle  _OSSemCreate
 0293:2BD1 idle  _OSSemDel
 0293:2CEF idle  _OSSemPend
 0293:2D9F idle  _OSSemPost
 0293:2DF9 idle  _OSSemQuery
 0293:010F       _OSStart
 022C:000A       _OSStartHighRdy
 0293:016E       _OSStatInit
 0623:2501 idle  _OSStatRdy
 0293:2ED9 idle  _OSTaskChangePrio
 0293:30A5       _OSTaskCreate
 0293:3162 idle  _OSTaskCreateExt
 023A:0002       _OSTaskCreateHook
 0623:20F2 idle  _OSTaskCtr
 0293:3252 idle  _OSTaskDel
 023A:0007       _OSTaskDelHook
 0293:3431 idle  _OSTaskDelReq
 023A:000C       _OSTaskIdleHook
 0623:1CEE idle  _OSTaskIdleStk
 0293:36AF idle  _OSTaskQuery
 0293:349D idle  _OSTaskResume
 023A:000D       _OSTaskStatHook
 0623:2101 idle  _OSTaskStatStk
 0293:351C idle  _OSTaskStkChk
 023A:000E       _OSTaskStkInit
 023A:00F4 idle  _OSTaskStkInit_FPE_x86
 0293:3601 idle  _OSTaskSuspend
 023A:01CF       _OSTaskSwHook
 0623:1CEA       _OSTCBCur
 0623:1CE6 idle  _OSTCBFreeList
 0623:1CE2       _OSTCBHighRdy
 023A:01D0       _OSTCBInitHook
 0623:1CDE idle  _OSTCBList
 0623:1C0A       _OSTCBPrioTbl
 0623:11AE idle  _OSTCBTbl
 0623:10F1       _OSTickDOSCtr
 022C:0090       _OSTickISR
 0623:110E idle  _OSTime
 0293:371D       _OSTimeDly
 0293:3764 idle  _OSTimeDlyHMSM
 0293:3853 idle  _OSTimeDlyResume
 0293:38CB       _OSTimeGet
 0293:38EA       _OSTimeSet
 0293:01A9       _OSTimeTick
 023A:01D5       _OSTimeTickHook
 0623:00F4 idle  _OSUnMapTbl
 0293:0237 idle  _OSVersion
 0293:023B idle  _OS_Dummy
 0293:023C idle  _OS_EventTaskRdy
 0293:0306 idle  _OS_EventTaskWait
 0293:0373 idle  _OS_EventTO
 0293:03C7 idle  _OS_EventWaitListInit
 0293:10E2 idle  _OS_FlagInit
 0293:11A1 idle  _OS_FlagUnlink
 0293:1A15 idle  _OS_MemInit
 0293:2ADB idle  _OS_QInit
 0293:05F3 idle  _OS_Sched
 0293:0656 idle  _OS_TaskIdle
 0293:067B idle  _OS_TaskStat
 0293:0747 idle  _OS_TCBInit
 025B:0009       _PC_DispChar
 025B:0047 idle  _PC_DispClrCol
 025B:008D idle  _PC_DispClrRow
 025B:00C6 idle  _PC_DispClrScr
 025B:00F7       _PC_DispStr
 025B:0146       _PC_DOSReturn
 025B:015A       _PC_DOSSaveReturn
 025B:01C8 idle  _PC_ElapsedInit
 025B:01DC idle  _PC_ElapsedStart
 025B:0202 idle  _PC_ElapsedStop
 025B:0253 idle  _PC_GetDateTime
 025B:02A6       _PC_GetKey
 025B:02CD       _PC_SetTickRate
 0623:10F2 idle  _PC_TickISR
 025B:031A idle  _PC_VectGet
 025B:0351       _PC_VectSet
 0000:169B       _putch
 0000:1596       _puttext
 0000:1321 idle  _realloc
 0623:10EC idle  _s
 0000:1A0B       _setblock
 0000:1A27       _setjmp
 0000:1DD2       _setvbuf
 0000:1F2F       _sprintf
 0623:009C idle  _ss
 0623:0098 idle  _stime
 0623:00C6 idle  _tt
 0000:1522 idle  _ungetch
 0000:1F51 idle  _vsprintf
 0000:1A9B idle  _wherex
 0000:1AAA idle  _wherey
 0623:0094 idle  _x
 0623:0095 idle  _y
 0213:0147 idle  _YouTask
 0623:08EC idle  _YouTaskStk
 0000:1000 idle  __AHINCR
 0000:000C idle  __AHSHIFT
 0623:01F4       __atexitcnt
 0623:2558       __atexittbl
 0000:1418       __brk
 0623:008B       __brklvl
 0623:006B idle  __C0argc
 0623:006D idle  __C0argv
 0000:0E72 idle  __c0crtinit
 0623:0071 idle  __C0environ
 0623:04D1       __cChar
 0000:033B idle  __cexit
 0623:04D0       __cFlag
 0000:016A       __checknull
 0000:0157       __cleanup
 0000:0C5E       __CPUTN
 0000:0E8F idle  __crtinit
 0000:0000  Abs  __cvtfak
 0000:0349 idle  __c_exit
 0623:03BC idle  __doserrno
 0000:051B idle  __DOSERROR
 0623:03BE idle  __dosErrorToSV
 0623:0075 idle  __envLng
 0623:0077 idle  __envseg
 0623:0079 idle  __envSize
 0000:0329       __exit
 0623:01F6       __exitbuf
 0623:01FA idle  __exitfopen
 0623:01FE idle  __exitopen
 0623:0087       __heapbase
 0623:008F       __heaptop
 0623:005B idle  __Int0Vector
 0623:005F idle  __Int4Vector
 0623:0063 idle  __Int5Vector
 0623:0067 idle  __Int6Vector
 0000:04E2       __IOERROR
 0000:053E       __LONGTOA
 0000:0293 idle  __MMODEL
 0623:0392       __nfile
 0000:14FB idle  __Ngetche
 0000:151F idle  __Nungetch
 0623:0394       __openfd
 0623:007D idle  __osmajor
 0623:007E idle  __osminor
 0623:007D idle  __osversion
 0623:007B       __psp
 0000:16B2       __REALCVT
 0623:04D6       __RealCvtVector
 0000:01C0       __restorezero
 0000:1457       __sbrk
 0623:04D8 idle  __ScanTodVector
 0000:17EC       __SCREENIO
 0000:189F       __SCROLL
 0000:062A       __setupio
 0623:0081 idle  __StartTime
 0623:0418       __stklen
 0623:0202       __streams
 0000:016B       __terminate
 0000:0000 idle  __turboCrt
 0000:05C0 idle  __UTOA
 0000:1828       __VALIDATEXY
 0623:007D idle  __version
 0623:0484       __video
 0000:0DE7       __VideoInt
 0000:06FC       __VPRINTER
 0000:0BBF       __VPTR
 0000:0BE4       __VRAM
 0000:1A91       __wherexy
 0000:20C3       __write
 0623:0482       __wscroll
 0000:20FF       __xfflush
 0623:0085 idle  ___brklvl
 0000:0F70 idle  ___first
 0000:0F72 idle  ___last
 0000:0F74 idle  ___rover
 0000:1F72       ___write

  Address         Publics by Value

 0000:0000 idle  __turboCrt
 0000:0000  Abs  __cvtfak
 0000:000C idle  __AHSHIFT
 0000:0157       __cleanup
 0000:016A       __checknull
 0000:016B       __terminate
 0000:01C0       __restorezero
 0000:027A       _abort
 0000:0291 idle  DGROUP@
 0000:0293 idle  __MMODEL
 0000:0295 idle  _atexit
 0000:031A       _exit
 0000:0329       __exit
 0000:033B idle  __cexit
 0000:0349 idle  __c_exit
 0000:0355       F_LXMUL@
 0000:0355 idle  LXMUL@
 0000:036C       _getdate
 0000:037F       _gettime
 0000:0392 idle  N_LDIV@
 0000:0395 idle  LDIV@
 0000:0395 idle  F_LDIV@
 0000:0399 idle  N_LUDIV@
 0000:039C       F_LUDIV@
 0000:039C idle  LUDIV@
 0000:03A1 idle  N_LMOD@
 0000:03A4 idle  F_LMOD@
 0000:03A4 idle  LMOD@
 0000:03A9 idle  N_LUMOD@
 0000:03AC idle  LUMOD@
 0000:03AC idle  F_LUMOD@
 0000:0440       N_LXLSH@
 0000:0443       F_LXLSH@
 0000:0443 idle  LXLSH@
 0000:0461 idle  N_LXURSH@
 0000:0464       F_LXURSH@
 0000:0464 idle  LXURSH@
 0000:0482       N_PADD@
 0000:0485 idle  F_PADD@
 0000:0485 idle  PADD@
 0000:04B1 idle  N_PSUB@
 0000:04B4 idle  F_PSUB@
 0000:04B4 idle  PSUB@
 0000:04E2       __IOERROR
 0000:051B idle  __DOSERROR
 0000:052D       _isatty
 0000:053E       __LONGTOA
 0000:05C0 idle  __UTOA
 0000:05E0       _lseek
 0000:0609       N_PCMP@
 0000:062A       __setupio
 0000:06FC       __VPRINTER
 0000:0BBF       __VPTR
 0000:0BE4       __VRAM
 0000:0C5E       __CPUTN
 0000:0D90 idle  _cprintf
 0000:0DE7       __VideoInt
 0000:0E72 idle  __c0crtinit
 0000:0E8F idle  __crtinit
 0000:0F70 idle  ___first
 0000:0F72 idle  ___last
 0000:0F74 idle  ___rover
 0000:1000 idle  __AHINCR
 0000:10B0       _free
 0000:10B0 idle  _farfree
 0000:11BA       _malloc
 0000:11C4 idle  _farmalloc
 0000:1321 idle  _realloc
 0000:1328 idle  _farrealloc
 0000:1418       __brk
 0000:1457       __sbrk
 0000:14E2       _getch
 0000:14FB idle  __Ngetche
 0000:14FE idle  _getche
 0000:151F idle  __Nungetch
 0000:1522 idle  _ungetch
 0000:1540       _gettext
 0000:1596       _puttext
 0000:15EC       _kbhit
 0000:15FE       _movetext
 0000:169B       _putch
 0000:16B2       __REALCVT
 0000:17EC       __SCREENIO
 0000:1828       __VALIDATEXY
 0000:189F       __SCROLL
 0000:1A0B       _setblock
 0000:1A27       _setjmp
 0000:1A5D       _longjmp
 0000:1A91       __wherexy
 0000:1A9B idle  _wherex
 0000:1AAA idle  _wherey
 0000:1ABD       _fflush
 0000:1B8A       _flushall
 0000:1C4E       _fseek
 0000:1CCE idle  _ftell
 0000:1DAE       _memcpy
 0000:1DD2       _setvbuf
 0000:1F2F       _sprintf
 0000:1F51 idle  _vsprintf
 0000:1F72       ___write
 0000:20C3       __write
 0000:20FF       __xfflush
 0213:0007       _main
 0213:0051 idle  _MyTask
 0213:0147 idle  _YouTask
 022C:000A       _OSStartHighRdy
 022C:0028       _OSCtxSw
 022C:0063       _OSIntCtxSw
 022C:0090       _OSTickISR
 023A:0000       _OSInitHookBegin
 023A:0001       _OSInitHookEnd
 023A:0002       _OSTaskCreateHook
 023A:0007       _OSTaskDelHook
 023A:000C       _OSTaskIdleHook
 023A:000D       _OSTaskStatHook
 023A:000E       _OSTaskStkInit
 023A:00F4 idle  _OSTaskStkInit_FPE_x86
 023A:01CF       _OSTaskSwHook
 023A:01D0       _OSTCBInitHook
 023A:01D5       _OSTimeTickHook
 025B:0009       _PC_DispChar
 025B:0047 idle  _PC_DispClrCol
 025B:008D idle  _PC_DispClrRow
 025B:00C6 idle  _PC_DispClrScr
 025B:00F7       _PC_DispStr
 025B:0146       _PC_DOSReturn
 025B:015A       _PC_DOSSaveReturn
 025B:01C8 idle  _PC_ElapsedInit
 025B:01DC idle  _PC_ElapsedStart
 025B:0202 idle  _PC_ElapsedStop
 025B:0253 idle  _PC_GetDateTime
 025B:02A6       _PC_GetKey
 025B:02CD       _PC_SetTickRate
 025B:031A idle  _PC_VectGet
 025B:0351       _PC_VectSet
 0293:0006       _OSInit
 0293:003E idle  _OSIntEnter
 0293:0051       _OSIntExit
 0293:00CC idle  _OSSchedLock
 0293:00E2 idle  _OSSchedUnlock
 0293:010F       _OSStart
 0293:016E       _OSStatInit
 0293:01A9       _OSTimeTick
 0293:0237 idle  _OSVersion
 0293:023B idle  _OS_Dummy
 0293:023C idle  _OS_EventTaskRdy
 0293:0306 idle  _OS_EventTaskWait
 0293:0373 idle  _OS_EventTO
 0293:03C7 idle  _OS_EventWaitListInit
 0293:05F3 idle  _OS_Sched
 0293:0656 idle  _OS_TaskIdle
 0293:067B idle  _OS_TaskStat
 0293:0747 idle  _OS_TCBInit
 0293:08DA idle  _OSFlagAccept
 0293:0A0C idle  _OSFlagCreate
 0293:0A84 idle  _OSFlagDel
 0293:0BC6 idle  _OSFlagPend
 0293:0E20 idle  _OSFlagPost
 0293:0FC0 idle  _OSFlagQuery
 0293:10E2 idle  _OS_FlagInit
 0293:11A1 idle  _OS_FlagUnlink
 0293:1250 idle  _OSMboxAccept
 0293:129B idle  _OSMboxCreate
 0293:1310 idle  _OSMboxDel
 0293:142E idle  _OSMboxPend
 0293:1530 idle  _OSMboxPost
 0293:15A8 idle  _OSMboxPostOpt
 0293:164B idle  _OSMboxQuery
 0293:1733 idle  _OSMemCreate
 0293:187E idle  _OSMemGet
 0293:18FC idle  _OSMemPut
 0293:196C idle  _OSMemQuery
 0293:1A15 idle  _OS_MemInit
 0293:1AB9 idle  _OSMutexAccept
 0293:1B44 idle  _OSMutexCreate
 0293:1C2A idle  _OSMutexDel
 0293:1D84 idle  _OSMutexPend
 0293:1F6F idle  _OSMutexPost
 0293:20F7 idle  _OSMutexQuery
 0293:2206 idle  _OSQAccept
 0293:22A6 idle  _OSQCreate
 0293:23C9 idle  _OSQDel
 0293:2546 idle  _OSQFlush
 0293:259E idle  _OSQPend
 0293:26E4 idle  _OSQPost
 0293:27AC idle  _OSQPostFront
 0293:286E idle  _OSQPostOpt
 0293:29AC idle  _OSQQuery
 0293:2ADB idle  _OS_QInit
 0293:2B2B idle  _OSSemAccept
 0293:2B5D idle  _OSSemCreate
 0293:2BD1 idle  _OSSemDel
 0293:2CEF idle  _OSSemPend
 0293:2D9F idle  _OSSemPost
 0293:2DF9 idle  _OSSemQuery
 0293:2ED9 idle  _OSTaskChangePrio
 0293:30A5       _OSTaskCreate
 0293:3162 idle  _OSTaskCreateExt
 0293:3252 idle  _OSTaskDel
 0293:3431 idle  _OSTaskDelReq
 0293:349D idle  _OSTaskResume
 0293:351C idle  _OSTaskStkChk
 0293:3601 idle  _OSTaskSuspend
 0293:36AF idle  _OSTaskQuery
 0293:371D       _OSTimeDly
 0293:3764 idle  _OSTimeDlyHMSM
 0293:3853 idle  _OSTimeDlyResume
 0293:38CB       _OSTimeGet
 0293:38EA       _OSTimeSet
 0623:0000 idle  DATASEG@
 0623:005B idle  __Int0Vector
 0623:005F idle  __Int4Vector
 0623:0063 idle  __Int5Vector
 0623:0067 idle  __Int6Vector
 0623:006B idle  __C0argc
 0623:006D idle  __C0argv
 0623:0071 idle  __C0environ
 0623:0075 idle  __envLng
 0623:0077 idle  __envseg
 0623:0079 idle  __envSize
 0623:007B       __psp
 0623:007D idle  __osversion
 0623:007D idle  __osmajor
 0623:007D idle  __version
 0623:007E idle  __osminor
 0623:007F       _errno
 0623:0081 idle  __StartTime
 0623:0085 idle  ___brklvl
 0623:0087       __heapbase
 0623:008B       __brklvl
 0623:008F       __heaptop
 0623:0094 idle  _x
 0623:0095 idle  _y
 0623:0096 idle  _InterKey
 0623:0097 idle  _count
 0623:0098 idle  _stime
 0623:009C idle  _ss
 0623:00C4 idle  _d
 0623:00C5 idle  _l
 0623:00C6 idle  _tt
 0623:00EC idle  _OSMapTbl
 0623:00F4 idle  _OSUnMapTbl
 0623:01F4       __atexitcnt
 0623:01F6       __exitbuf
 0623:01FA idle  __exitfopen
 0623:01FE idle  __exitopen
 0623:0202       __streams
 0623:0392       __nfile
 0623:0394       __openfd
 0623:03BC idle  __doserrno
 0623:03BE idle  __dosErrorToSV
 0623:0418       __stklen
 0623:0482       __wscroll
 0623:0484       __video
 0623:0493       _directvideo
 0623:04D0       __cFlag
 0623:04D1       __cChar
 0623:04D6       __RealCvtVector
 0623:04D8 idle  __ScanTodVector
 0623:04EA idle  _key
 0623:04EC idle  _InterTaskStk
 0623:08EC idle  _YouTaskStk
 0623:0CEC idle  _MyTaskStk
 0623:10EC idle  _s
 0623:10F1       _OSTickDOSCtr
 0623:10F2 idle  _PC_TickISR
 0623:110E idle  _OSTime
 0623:1112 idle  _OSQTbl
 0623:1142 idle  _OSQFreeList
 0623:1146 idle  _OSMemTbl
 0623:11AA idle  _OSMemFreeList
 0623:11AE idle  _OSTCBTbl
 0623:1C0A       _OSTCBPrioTbl
 0623:1CDE idle  _OSTCBList
 0623:1CE2       _OSTCBHighRdy
 0623:1CE6 idle  _OSTCBFreeList
 0623:1CEA       _OSTCBCur
 0623:1CEE idle  _OSTaskIdleStk
 0623:20EE idle  _OSIdleCtr
 0623:20F2 idle  _OSTaskCtr
 0623:20F3       _OSRunning
 0623:20F4 idle  _OSRdyTbl
 0623:20FB idle  _OSRdyGrp
 0623:20FC       _OSPrioHighRdy
 0623:20FD       _OSPrioCur
 0623:20FE idle  _OSLockNesting
 0623:20FF idle  _OSIntExitY
 0623:2100       _OSIntNesting
 0623:2101 idle  _OSTaskStatStk
 0623:2501 idle  _OSStatRdy
 0623:2502 idle  _OSIdleCtrRun
 0623:2506 idle  _OSIdleCtrMax
 0623:250A idle  _OSCPUUsage
 0623:250B idle  _OSFlagFreeList
 0623:250F idle  _OSFlagTbl
 0623:2532 idle  _OSEventTbl
 0623:2550 idle  _OSEventFreeList
 0623:2554 idle  _OSCtxSwCtr
 0623:2558       __atexittbl

Program entry point at 0000:0000

